[2026-08-15T20:21:04.995Z] [VAPIDConfig:WARN] VAPID keys not configured. Push notifications will be disabled. { hasPublicKey: false, hasPrivateKey: false }
[2026-08-15T20:21:04.995Z] [ProductionHardening:INFO] Production hardening initialized 
[dotenv@17.0.0] injecting env (13) from .env – 🔐 encrypt with dotenvx: https://dotenvx.com
🔗 Connecting to MongoDB (attempt 1/3)...
(node:5505) [MONGOOSE] Warning: Duplicate schema index on {"code":1} found. This is often due to declaring an index using both "index: true" and "schema.index()". Please remove the duplicate index definition.
(Use `node --trace-warnings ...` to show where the warning was created)
(node:5505) [MONGOOSE] Warning: Duplicate schema index on {"ticketNumber":1} found. This is often due to declaring an index using both "index: true" and "schema.index()". Please remove the duplicate index definition.
✅ MongoDB Connected: 127.0.0.1
📊 Database: fleetpro
[2026-08-15T20:21:05.147Z] [Server:INFO] MongoDB connected successfully { database: 'fleetpro' }
[2026-08-15T20:21:05.147Z] [Server:INFO] Using existing secure admin credentials 
⚠️  No emergency admin credentials found in environment variables
🔄 Checking ROOT user platformRole...
✅ ROOT user already has platformRole: PLATFORM_ROOT
🔄 Checking database initialization...
✅ Platform company initialized
✅ Database initialization complete
[2026-08-15T20:21:05.198Z] [NotificationIndexes:INFO] Ensuring notification system indexes 
[2026-08-15T20:21:05.199Z] [NotificationIndexes:INFO] Index created/verified {
  collection: 'scheduled_notifications',
  index: 'idx_scheduled_status_scheduledFor'
}
[2026-08-15T20:21:05.199Z] [NotificationIndexes:INFO] Index created/verified {
  collection: 'scheduled_notifications',
  index: 'idx_scheduled_scheduledFor'
}
[2026-08-15T20:21:05.200Z] [NotificationIndexes:INFO] Index created/verified {
  collection: 'scheduled_notifications',
  index: 'idx_scheduled_recurrenceEndDate_status'
}
[2026-08-15T20:21:05.200Z] [NotificationIndexes:INFO] Index created/verified {
  collection: 'scheduled_notifications',
  index: 'idx_scheduled_ttl_90days'
}
[2026-08-15T20:21:05.200Z] [NotificationIndexes:INFO] Index created/verified { collection: 'notification_logs', index: 'idx_logs_notificationId' }
[2026-08-15T20:21:05.201Z] [NotificationIndexes:INFO] Index created/verified { collection: 'notification_logs', index: 'idx_logs_userId_sentAt' }
[2026-08-15T20:21:05.201Z] [NotificationIndexes:INFO] Index created/verified { collection: 'notification_logs', index: 'idx_logs_status_sentAt' }
[2026-08-15T20:21:05.201Z] [NotificationIndexes:INFO] Index created/verified { collection: 'notification_logs', index: 'idx_logs_sentAt' }
[2026-08-15T20:21:05.201Z] [NotificationIndexes:INFO] Index created/verified {
  collection: 'notification_logs',
  index: 'idx_logs_notificationType_sentAt'
}
[2026-08-15T20:21:05.202Z] [NotificationIndexes:WARN] Failed to create index {
  collection: 'notification_logs',
  index: 'idx_logs_ttl_30days',
  error: MongoServerError: An equivalent index already exists with a different name and options. Requested index: { v: 2, key: { sentAt: 1 }, name: "idx_logs_ttl_30days", expireAfterSeconds: 2592000 }, existing index: { v: 2, key: { sentAt: 1 }, name: "idx_logs_sentAt", sparse: false }
      at Connection.sendCommand (/Users/pradeep/fleetpro-final-recovery/node_modules/mongodb/src/cmap/connection.ts:559:17)
      at process.processTicksAndRejections (node:internal/process/task_queues:104:5)
      at async Connection.command (/Users/pradeep/fleetpro-final-recovery/node_modules/mongodb/src/cmap/connection.ts:633:22)
      at async Server.command (/Users/pradeep/fleetpro-final-recovery/node_modules/mongodb/src/sdam/server.ts:350:21)
      at async tryOperation (/Users/pradeep/fleetpro-final-recovery/node_modules/mongodb/src/operations/execute_operation.ts:289:24)
      at async executeOperation (/Users/pradeep/fleetpro-final-recovery/node_modules/mongodb/src/operations/execute_operation.ts:119:12)
      at async Collection.createIndex (/Users/pradeep/fleetpro-final-recovery/node_modules/mongodb/src/collection.ts:640:21)
      at async NotificationIndexManager.ensureCollectionIndexes (/Users/pradeep/fleetpro-final-recovery/server/utils/notificationIndexes.ts:140:11)
      at async NotificationIndexManager.ensureIndexes (/Users/pradeep/fleetpro-final-recovery/server/utils/notificationIndexes.ts:122:7)
      at async <anonymous> (/Users/pradeep/fleetpro-final-recovery/server/index.ts:216:5) {
    errorLabelSet: Set(0) {},
    errorResponse: {
      ok: 0,
      errmsg: 'An equivalent index already exists with a different name and options. Requested index: { v: 2, key: { sentAt: 1 }, name: "idx_logs_ttl_30days", expireAfterSeconds: 2592000 }, existing index: { v: 2, key: { sentAt: 1 }, name: "idx_logs_sentAt", sparse: false }',
      code: 85,
      codeName: 'IndexOptionsConflict'
    },
    ok: 0,
    code: 85,
    codeName: 'IndexOptionsConflict'
  }
}
[2026-08-15T20:21:05.205Z] [NotificationIndexes:INFO] Index created/verified { collection: 'notification_logs', index: 'idx_logs_analytics' }
[2026-08-15T20:21:05.205Z] [NotificationIndexes:INFO] All notification indexes verified 
[2026-08-15T20:21:05.205Z] [Server:INFO] Notification indexes verified 
[2026-08-15T20:21:05.206Z] [Server:INFO] Notification templates initialized 
[2026-08-15T20:21:05.206Z] [NotificationScheduler:INFO] Notification scheduler started 
[2026-08-15T20:21:05.206Z] [Server:INFO] Notification scheduler started 
[2026-08-15T20:21:05.206Z] [NotificationRetry:INFO] Notification retry manager started 
[2026-08-15T20:21:05.206Z] [Server:INFO] Notification retry manager started 
[2026-08-15T20:21:05.207Z] [NotificationRateLimiter:INFO] Notification rate limiter started 
[2026-08-15T20:21:05.208Z] [Server:INFO] Notification rate limiter started 
[2026-08-15T20:21:05.208Z] [NotificationWebhooks:INFO] Notification webhook manager started 
[2026-08-15T20:21:05.208Z] [NotificationWebhooks:WARN] Database not initialized, skipping webhook retry check 
[2026-08-15T20:21:05.208Z] [Server:INFO] Notification webhook manager started 
[2026-08-15T20:21:05.208Z] [NotificationBatchProcessor:INFO] Notification batch processor started 
[2026-08-15T20:21:05.208Z] [Server:INFO] Notification batch processor started 
Re-optimizing dependencies because lockfile has changed
1:51:05 AM [express] MongoDB connected - starting background job
[operations] booking-end reminder scheduler started (every 60000ms)
[SCHEDULER] Initializing auto-sync scheduler...
[SCHEDULER] ✅ Hourly sync job scheduled (every hour)
[SCHEDULER] ✅ Monthly payroll job scheduled (1st of month at 1 AM)
[SCHEDULER] ✅ Daily cleanup job scheduled (daily at 2 AM)
[SCHEDULER] ✅ All jobs initialized successfully
🚀 Initializing SaaS Scheduler...

📅 Scheduled: Hourly tenant metrics sync (0 * * * *)
📅 Scheduled: Billing data sync every 6 hours (0 */6 * * *)
📅 Scheduled: Daily comprehensive sync at 2 AM (0 2 * * *)
📅 Scheduled: Customer analytics refresh every 30 min (*/30 * * * *)
✅ All SaaS scheduled jobs initialized

[Billing Scheduler] Started (runs daily at 00:01 UTC)
1:51:05 AM [express] 🔒 serving HTTPS on 0.0.0.0:5050
[2026-08-15T20:21:05.246Z] [Server:INFO] HTTPS server started { host: '0.0.0.0', port: 5050, ssl: true }
[2026-08-15T20:22:05.210Z] [NotificationWebhooks:WARN] Database not initialized, skipping webhook retry check 
[2026-08-15T20:23:05.211Z] [NotificationWebhooks:WARN] Database not initialized, skipping webhook retry check 
[2026-08-15T20:24:05.212Z] [NotificationWebhooks:WARN] Database not initialized, skipping webhook retry check 

🛑 Stopping all SaaS scheduled jobs...
✅ Stopped: hourly-sync
✅ Stopped: billing-sync
✅ Stopped: daily-sync
✅ Stopped: customer-analytics
✅ All jobs stopped

