Sat Aug 15 21:30:40 IST 2026: ⚠️ ALERT: Backend process not running
Sat Aug 15 21:30:40 IST 2026: ✓ Port 5050 listening
Sat Aug 15 21:30:40 IST 2026: ⚠️ ALERT: MongoDB unreachable
Sat Aug 15 21:30:40 IST 2026: Database backups:        0
Sat Aug 15 21:30:40 IST 2026: Disk usage: 27%
Sat Aug 15 21:30:40 IST 2026: ⚠️ ALERT: API health check failed
Sat Aug 15 21:35:00 IST 2026: ⚠️ ALERT: Backend process not running
Sat Aug 15 21:35:00 IST 2026: ⚠️ ALERT: Port 5050 not listening
Sat Aug 15 21:35:00 IST 2026: ⚠️ ALERT: MongoDB unreachable
Sat Aug 15 21:35:00 IST 2026: Database backups:      125
Sat Aug 15 21:35:00 IST 2026: Disk usage: 27%
Sat Aug 15 21:35:00 IST 2026: ⚠️ ALERT: API health check failed
Sat Aug 15 21:40:00 IST 2026: ⚠️ ALERT: Backend process not running
Sat Aug 15 21:40:00 IST 2026: ⚠️ ALERT: Port 5050 not listening
Sat Aug 15 21:40:00 IST 2026: ⚠️ ALERT: MongoDB unreachable
Sat Aug 15 21:40:00 IST 2026: Database backups:      125
Sat Aug 15 21:40:00 IST 2026: Disk usage: 27%
Sat Aug 15 21:40:00 IST 2026: ⚠️ ALERT: API health check failed
Sat Aug 15 21:45:00 IST 2026: ⚠️ ALERT: Backend process not running
Sat Aug 15 21:45:00 IST 2026: ⚠️ ALERT: Port 5050 not listening
Sat Aug 15 21:45:00 IST 2026: ⚠️ ALERT: MongoDB unreachable
Sat Aug 15 21:45:00 IST 2026: Database backups:      125
Sat Aug 15 21:45:00 IST 2026: Disk usage: 27%
Sat Aug 15 21:45:00 IST 2026: ⚠️ ALERT: API health check failed
Sat Aug 15 21:50:00 IST 2026: ⚠️ ALERT: Backend process not running
Sat Aug 15 21:50:00 IST 2026: ⚠️ ALERT: Port 5050 not listening
Sat Aug 15 21:50:01 IST 2026: ⚠️ ALERT: MongoDB unreachable
Sat Aug 15 21:50:01 IST 2026: Database backups:      125
Sat Aug 15 21:50:01 IST 2026: Disk usage: 27%
Sat Aug 15 21:50:01 IST 2026: ⚠️ ALERT: API health check failed
Sat Aug 15 21:55:00 IST 2026: ⚠️ ALERT: Backend process not running
Sat Aug 15 21:55:00 IST 2026: ⚠️ ALERT: Port 5050 not listening
Sat Aug 15 21:55:00 IST 2026: ⚠️ ALERT: MongoDB unreachable
Sat Aug 15 21:55:00 IST 2026: Database backups:      125
Sat Aug 15 21:55:00 IST 2026: Disk usage: 27%
Sat Aug 15 21:55:00 IST 2026: ⚠️ ALERT: API health check failed
Sat Aug 15 22:00:00 IST 2026: ⚠️ ALERT: Backend process not running
Sat Aug 15 22:00:00 IST 2026: ⚠️ ALERT: Port 5050 not listening
Sat Aug 15 22:00:00 IST 2026: ⚠️ ALERT: MongoDB unreachable
Sat Aug 15 22:00:00 IST 2026: Database backups:      125
Sat Aug 15 22:00:00 IST 2026: Disk usage: 27%
Sat Aug 15 22:00:01 IST 2026: ⚠️ ALERT: API health check failed
Sat Aug 15 22:05:00 IST 2026: ⚠️ ALERT: Backend process not running
Sat Aug 15 22:05:00 IST 2026: ⚠️ ALERT: Port 5050 not listening
Sat Aug 15 22:05:00 IST 2026: ⚠️ ALERT: MongoDB unreachable
Sat Aug 15 22:05:00 IST 2026: Database backups:      125
Sat Aug 15 22:05:00 IST 2026: Disk usage: 27%
Sat Aug 15 22:05:00 IST 2026: ⚠️ ALERT: API health check failed
Sat Aug 15 22:10:00 IST 2026: ⚠️ ALERT: Backend process not running
Sat Aug 15 22:10:00 IST 2026: ⚠️ ALERT: Port 5050 not listening
Sat Aug 15 22:10:00 IST 2026: ⚠️ ALERT: MongoDB unreachable
Sat Aug 15 22:10:00 IST 2026: Database backups:      125
Sat Aug 15 22:10:00 IST 2026: Disk usage: 27%
Sat Aug 15 22:10:00 IST 2026: ⚠️ ALERT: API health check failed
Sat Aug 15 22:15:00 IST 2026: ⚠️ ALERT: Backend process not running
Sat Aug 15 22:15:00 IST 2026: ⚠️ ALERT: Port 5050 not listening
Sat Aug 15 22:15:00 IST 2026: ⚠️ ALERT: MongoDB unreachable
Sat Aug 15 22:15:00 IST 2026: Database backups:      125
Sat Aug 15 22:15:00 IST 2026: Disk usage: 27%
Sat Aug 15 22:15:00 IST 2026: ⚠️ ALERT: API health check failed
Sat Aug 15 22:20:01 IST 2026: ⚠️ ALERT: Backend process not running
Sat Aug 15 22:20:01 IST 2026: ⚠️ ALERT: Port 5050 not listening
Sat Aug 15 22:20:01 IST 2026: ⚠️ ALERT: MongoDB unreachable
Sat Aug 15 22:20:01 IST 2026: Database backups:      125
Sat Aug 15 22:20:01 IST 2026: Disk usage: 27%
Sat Aug 15 22:20:01 IST 2026: ⚠️ ALERT: API health check failed
Sat Aug 15 22:25:00 IST 2026: ⚠️ ALERT: Backend process not running
Sat Aug 15 22:25:00 IST 2026: ⚠️ ALERT: Port 5050 not listening
Sat Aug 15 22:25:00 IST 2026: ⚠️ ALERT: MongoDB unreachable
Sat Aug 15 22:25:00 IST 2026: Database backups:      125
Sat Aug 15 22:25:00 IST 2026: Disk usage: 27%
Sat Aug 15 22:25:00 IST 2026: ⚠️ ALERT: API health check failed
Sat Aug 15 22:30:00 IST 2026: ⚠️ ALERT: Backend process not running
Sat Aug 15 22:30:00 IST 2026: ⚠️ ALERT: Port 5050 not listening
Sat Aug 15 22:30:00 IST 2026: ⚠️ ALERT: MongoDB unreachable
Sat Aug 15 22:30:00 IST 2026: Database backups:      125
Sat Aug 15 22:30:00 IST 2026: Disk usage: 27%
Sat Aug 15 22:30:00 IST 2026: ⚠️ ALERT: API health check failed
Sat Aug 15 22:35:00 IST 2026: ⚠️ ALERT: Backend process not running
Sat Aug 15 22:35:00 IST 2026: ⚠️ ALERT: Port 5050 not listening
Sat Aug 15 22:35:00 IST 2026: ⚠️ ALERT: MongoDB unreachable
Sat Aug 15 22:35:00 IST 2026: Database backups:      125
Sat Aug 15 22:35:00 IST 2026: Disk usage: 27%
Sat Aug 15 22:35:00 IST 2026: ⚠️ ALERT: API health check failed
Sat Aug 15 22:40:00 IST 2026: ⚠️ ALERT: Backend process not running
Sat Aug 15 22:40:00 IST 2026: ⚠️ ALERT: Port 5050 not listening
Sat Aug 15 22:40:00 IST 2026: ⚠️ ALERT: MongoDB unreachable
Sat Aug 15 22:40:00 IST 2026: Database backups:      125
Sat Aug 15 22:40:00 IST 2026: Disk usage: 27%
Sat Aug 15 22:40:00 IST 2026: ⚠️ ALERT: API health check failed
Sat Aug 15 22:45:00 IST 2026: ⚠️ ALERT: Backend process not running
Sat Aug 15 22:45:01 IST 2026: ⚠️ ALERT: Port 5050 not listening
Sat Aug 15 22:45:01 IST 2026: ⚠️ ALERT: MongoDB unreachable
Sat Aug 15 22:45:01 IST 2026: Database backups:      125
Sat Aug 15 22:45:01 IST 2026: Disk usage: 27%
Sat Aug 15 22:45:01 IST 2026: ⚠️ ALERT: API health check failed
Sat Aug 15 22:50:00 IST 2026: ⚠️ ALERT: Backend process not running
Sat Aug 15 22:50:00 IST 2026: ⚠️ ALERT: Port 5050 not listening
Sat Aug 15 22:50:00 IST 2026: ⚠️ ALERT: MongoDB unreachable
Sat Aug 15 22:50:00 IST 2026: Database backups:      125
Sat Aug 15 22:50:00 IST 2026: Disk usage: 27%
Sat Aug 15 22:50:00 IST 2026: ⚠️ ALERT: API health check failed
Sat Aug 15 22:55:00 IST 2026: ⚠️ ALERT: Backend process not running
Sat Aug 15 22:55:00 IST 2026: ⚠️ ALERT: Port 5050 not listening
Sat Aug 15 22:55:00 IST 2026: ⚠️ ALERT: MongoDB unreachable
Sat Aug 15 22:55:00 IST 2026: Database backups:      125
Sat Aug 15 22:55:00 IST 2026: Disk usage: 27%
Sat Aug 15 22:55:00 IST 2026: ⚠️ ALERT: API health check failed
Sat Aug 15 23:00:00 IST 2026: ⚠️ ALERT: Backend process not running
Sat Aug 15 23:00:00 IST 2026: ⚠️ ALERT: Port 5050 not listening
Sat Aug 15 23:00:00 IST 2026: ⚠️ ALERT: MongoDB unreachable
Sat Aug 15 23:00:00 IST 2026: Database backups:      125
Sat Aug 15 23:00:00 IST 2026: Disk usage: 27%
Sat Aug 15 23:00:00 IST 2026: ⚠️ ALERT: API health check failed
Sat Aug 15 23:05:01 IST 2026: ⚠️ ALERT: Backend process not running
Sat Aug 15 23:05:01 IST 2026: ⚠️ ALERT: Port 5050 not listening
Sat Aug 15 23:05:01 IST 2026: ⚠️ ALERT: MongoDB unreachable
Sat Aug 15 23:05:01 IST 2026: Database backups:      125
Sat Aug 15 23:05:01 IST 2026: Disk usage: 27%
Sat Aug 15 23:05:01 IST 2026: ⚠️ ALERT: API health check failed
Sat Aug 15 23:10:00 IST 2026: ⚠️ ALERT: Backend process not running
Sat Aug 15 23:10:00 IST 2026: ⚠️ ALERT: Port 5050 not listening
Sat Aug 15 23:10:00 IST 2026: ⚠️ ALERT: MongoDB unreachable
Sat Aug 15 23:10:00 IST 2026: Database backups:      125
Sat Aug 15 23:10:00 IST 2026: Disk usage: 27%
Sat Aug 15 23:10:00 IST 2026: ⚠️ ALERT: API health check failed
Sat Aug 15 23:15:00 IST 2026: ⚠️ ALERT: Backend process not running
Sat Aug 15 23:15:00 IST 2026: ⚠️ ALERT: Port 5050 not listening
Sat Aug 15 23:15:00 IST 2026: ⚠️ ALERT: MongoDB unreachable
Sat Aug 15 23:15:00 IST 2026: Database backups:      125
Sat Aug 15 23:15:00 IST 2026: Disk usage: 27%
Sat Aug 15 23:15:00 IST 2026: ⚠️ ALERT: API health check failed
Sat Aug 15 23:20:00 IST 2026: ⚠️ ALERT: Backend process not running
Sat Aug 15 23:20:00 IST 2026: ⚠️ ALERT: Port 5050 not listening
Sat Aug 15 23:20:00 IST 2026: ⚠️ ALERT: MongoDB unreachable
Sat Aug 15 23:20:00 IST 2026: Database backups:      125
Sat Aug 15 23:20:00 IST 2026: Disk usage: 27%
Sat Aug 15 23:20:00 IST 2026: ⚠️ ALERT: API health check failed
Sat Aug 15 23:25:01 IST 2026: ⚠️ ALERT: Backend process not running
Sat Aug 15 23:25:01 IST 2026: ⚠️ ALERT: Port 5050 not listening
Sat Aug 15 23:25:01 IST 2026: ⚠️ ALERT: MongoDB unreachable
Sat Aug 15 23:25:01 IST 2026: Database backups:      125
Sat Aug 15 23:25:01 IST 2026: Disk usage: 27%
Sat Aug 15 23:25:01 IST 2026: ⚠️ ALERT: API health check failed
Sat Aug 15 23:30:01 IST 2026: ⚠️ ALERT: Backend process not running
Sat Aug 15 23:30:01 IST 2026: ⚠️ ALERT: Port 5050 not listening
Sat Aug 15 23:30:01 IST 2026: ⚠️ ALERT: MongoDB unreachable
Sat Aug 15 23:30:01 IST 2026: Database backups:      125
Sat Aug 15 23:30:01 IST 2026: Disk usage: 27%
Sat Aug 15 23:30:01 IST 2026: ⚠️ ALERT: API health check failed
Sat Aug 15 23:35:00 IST 2026: ⚠️ ALERT: Backend process not running
Sat Aug 15 23:35:00 IST 2026: ⚠️ ALERT: Port 5050 not listening
Sat Aug 15 23:35:00 IST 2026: ⚠️ ALERT: MongoDB unreachable
Sat Aug 15 23:35:00 IST 2026: Database backups:      125
Sat Aug 15 23:35:00 IST 2026: Disk usage: 27%
Sat Aug 15 23:35:00 IST 2026: ⚠️ ALERT: API health check failed
Sat Aug 15 23:40:00 IST 2026: ⚠️ ALERT: Backend process not running
Sat Aug 15 23:40:00 IST 2026: ⚠️ ALERT: Port 5050 not listening
Sat Aug 15 23:40:00 IST 2026: ⚠️ ALERT: MongoDB unreachable
Sat Aug 15 23:40:00 IST 2026: Database backups:      125
Sat Aug 15 23:40:00 IST 2026: Disk usage: 27%
Sat Aug 15 23:40:00 IST 2026: ⚠️ ALERT: API health check failed
Sat Aug 15 23:45:01 IST 2026: ⚠️ ALERT: Backend process not running
Sat Aug 15 23:45:01 IST 2026: ⚠️ ALERT: Port 5050 not listening
Sat Aug 15 23:45:01 IST 2026: ⚠️ ALERT: MongoDB unreachable
Sat Aug 15 23:45:01 IST 2026: Database backups:      125
Sat Aug 15 23:45:01 IST 2026: Disk usage: 27%
Sat Aug 15 23:45:01 IST 2026: ⚠️ ALERT: API health check failed
Sat Aug 15 23:50:00 IST 2026: ⚠️ ALERT: Backend process not running
Sat Aug 15 23:50:00 IST 2026: ⚠️ ALERT: Port 5050 not listening
Sat Aug 15 23:50:00 IST 2026: ⚠️ ALERT: MongoDB unreachable
Sat Aug 15 23:50:00 IST 2026: Database backups:      125
Sat Aug 15 23:50:00 IST 2026: Disk usage: 27%
Sat Aug 15 23:50:00 IST 2026: ⚠️ ALERT: API health check failed
Sat Aug 15 23:55:00 IST 2026: ⚠️ ALERT: Backend process not running
Sat Aug 15 23:55:00 IST 2026: ⚠️ ALERT: Port 5050 not listening
Sat Aug 15 23:55:00 IST 2026: ⚠️ ALERT: MongoDB unreachable
Sat Aug 15 23:55:00 IST 2026: Database backups:      125
Sat Aug 15 23:55:00 IST 2026: Disk usage: 27%
Sat Aug 15 23:55:00 IST 2026: ⚠️ ALERT: API health check failed
Sun Aug 16 00:00:00 IST 2026: ⚠️ ALERT: Backend process not running
Sun Aug 16 00:00:00 IST 2026: ⚠️ ALERT: Port 5050 not listening
Sun Aug 16 00:00:00 IST 2026: ⚠️ ALERT: MongoDB unreachable
Sun Aug 16 00:00:00 IST 2026: Database backups:      125
Sun Aug 16 00:00:00 IST 2026: Disk usage: 27%
Sun Aug 16 00:00:00 IST 2026: ⚠️ ALERT: API health check failed
Sun Aug 16 00:05:01 IST 2026: ⚠️ ALERT: Backend process not running
Sun Aug 16 00:05:01 IST 2026: ⚠️ ALERT: Port 5050 not listening
Sun Aug 16 00:05:01 IST 2026: ⚠️ ALERT: MongoDB unreachable
Sun Aug 16 00:05:01 IST 2026: Database backups:      125
Sun Aug 16 00:05:01 IST 2026: Disk usage: 27%
Sun Aug 16 00:05:01 IST 2026: ⚠️ ALERT: API health check failed
Sun Aug 16 00:10:00 IST 2026: ⚠️ ALERT: Backend process not running
Sun Aug 16 00:10:00 IST 2026: ⚠️ ALERT: Port 5050 not listening
Sun Aug 16 00:10:00 IST 2026: ⚠️ ALERT: MongoDB unreachable
Sun Aug 16 00:10:00 IST 2026: Database backups:      125
Sun Aug 16 00:10:00 IST 2026: Disk usage: 27%
Sun Aug 16 00:10:00 IST 2026: ⚠️ ALERT: API health check failed
Sun Aug 16 00:15:00 IST 2026: ⚠️ ALERT: Backend process not running
Sun Aug 16 00:15:00 IST 2026: ⚠️ ALERT: Port 5050 not listening
Sun Aug 16 00:15:00 IST 2026: ⚠️ ALERT: MongoDB unreachable
Sun Aug 16 00:15:00 IST 2026: Database backups:      125
Sun Aug 16 00:15:00 IST 2026: Disk usage: 27%
Sun Aug 16 00:15:00 IST 2026: ⚠️ ALERT: API health check failed
Sun Aug 16 00:20:00 IST 2026: ⚠️ ALERT: Backend process not running
Sun Aug 16 00:20:00 IST 2026: ⚠️ ALERT: Port 5050 not listening
Sun Aug 16 00:20:00 IST 2026: ⚠️ ALERT: MongoDB unreachable
Sun Aug 16 00:20:00 IST 2026: Database backups:      125
Sun Aug 16 00:20:00 IST 2026: Disk usage: 27%
Sun Aug 16 00:20:00 IST 2026: ⚠️ ALERT: API health check failed
Sun Aug 16 00:25:01 IST 2026: ⚠️ ALERT: Backend process not running
Sun Aug 16 00:25:01 IST 2026: ⚠️ ALERT: Port 5050 not listening
Sun Aug 16 00:25:01 IST 2026: ⚠️ ALERT: MongoDB unreachable
Sun Aug 16 00:25:01 IST 2026: Database backups:      125
Sun Aug 16 00:25:01 IST 2026: Disk usage: 27%
Sun Aug 16 00:25:01 IST 2026: ⚠️ ALERT: API health check failed
Sun Aug 16 00:30:00 IST 2026: ⚠️ ALERT: Backend process not running
Sun Aug 16 00:30:00 IST 2026: ⚠️ ALERT: Port 5050 not listening
Sun Aug 16 00:30:00 IST 2026: ⚠️ ALERT: MongoDB unreachable
Sun Aug 16 00:30:00 IST 2026: Database backups:      125
Sun Aug 16 00:30:00 IST 2026: Disk usage: 27%
Sun Aug 16 00:30:00 IST 2026: ⚠️ ALERT: API health check failed
Sun Aug 16 00:35:00 IST 2026: ⚠️ ALERT: Backend process not running
Sun Aug 16 00:35:00 IST 2026: ⚠️ ALERT: Port 5050 not listening
Sun Aug 16 00:35:00 IST 2026: ⚠️ ALERT: MongoDB unreachable
Sun Aug 16 00:35:00 IST 2026: Database backups:      125
Sun Aug 16 00:35:00 IST 2026: Disk usage: 27%
Sun Aug 16 00:35:00 IST 2026: ⚠️ ALERT: API health check failed
Sun Aug 16 00:40:00 IST 2026: ⚠️ ALERT: Backend process not running
Sun Aug 16 00:40:00 IST 2026: ⚠️ ALERT: Port 5050 not listening
Sun Aug 16 00:40:00 IST 2026: ⚠️ ALERT: MongoDB unreachable
Sun Aug 16 00:40:00 IST 2026: Database backups:      125
Sun Aug 16 00:40:00 IST 2026: Disk usage: 27%
Sun Aug 16 00:40:00 IST 2026: ⚠️ ALERT: API health check failed
Sun Aug 16 00:45:00 IST 2026: ⚠️ ALERT: Backend process not running
Sun Aug 16 00:45:00 IST 2026: ⚠️ ALERT: Port 5050 not listening
Sun Aug 16 00:45:00 IST 2026: ⚠️ ALERT: MongoDB unreachable
Sun Aug 16 00:45:00 IST 2026: Database backups:      125
Sun Aug 16 00:45:01 IST 2026: Disk usage: 27%
Sun Aug 16 00:45:01 IST 2026: ⚠️ ALERT: API health check failed
Sun Aug 16 00:50:00 IST 2026: ⚠️ ALERT: Backend process not running
Sun Aug 16 00:50:00 IST 2026: ⚠️ ALERT: Port 5050 not listening
Sun Aug 16 00:50:00 IST 2026: ⚠️ ALERT: MongoDB unreachable
Sun Aug 16 00:50:00 IST 2026: Database backups:      125
Sun Aug 16 00:50:00 IST 2026: Disk usage: 27%
Sun Aug 16 00:50:00 IST 2026: ⚠️ ALERT: API health check failed
Sun Aug 16 00:55:00 IST 2026: ⚠️ ALERT: Backend process not running
Sun Aug 16 00:55:00 IST 2026: ⚠️ ALERT: Port 5050 not listening
Sun Aug 16 00:55:00 IST 2026: ⚠️ ALERT: MongoDB unreachable
Sun Aug 16 00:55:00 IST 2026: Database backups:      125
Sun Aug 16 00:55:00 IST 2026: Disk usage: 27%
Sun Aug 16 00:55:00 IST 2026: ⚠️ ALERT: API health check failed
Sun Aug 16 01:00:00 IST 2026: ⚠️ ALERT: Backend process not running
Sun Aug 16 01:00:00 IST 2026: ⚠️ ALERT: Port 5050 not listening
Sun Aug 16 01:00:00 IST 2026: ⚠️ ALERT: MongoDB unreachable
Sun Aug 16 01:00:00 IST 2026: Database backups:      125
Sun Aug 16 01:00:00 IST 2026: Disk usage: 27%
Sun Aug 16 01:00:00 IST 2026: ⚠️ ALERT: API health check failed
Sun Aug 16 01:05:00 IST 2026: ⚠️ ALERT: Backend process not running
Sun Aug 16 01:05:00 IST 2026: ⚠️ ALERT: Port 5050 not listening
Sun Aug 16 01:05:00 IST 2026: ⚠️ ALERT: MongoDB unreachable
Sun Aug 16 01:05:00 IST 2026: Database backups:      125
Sun Aug 16 01:05:00 IST 2026: Disk usage: 27%
Sun Aug 16 01:05:00 IST 2026: ⚠️ ALERT: API health check failed
Sun Aug 16 01:10:00 IST 2026: ⚠️ ALERT: Backend process not running
Sun Aug 16 01:10:00 IST 2026: ⚠️ ALERT: Port 5050 not listening
Sun Aug 16 01:10:00 IST 2026: ⚠️ ALERT: MongoDB unreachable
Sun Aug 16 01:10:00 IST 2026: Database backups:      125
Sun Aug 16 01:10:00 IST 2026: Disk usage: 27%
Sun Aug 16 01:10:00 IST 2026: ⚠️ ALERT: API health check failed
Sun Aug 16 01:15:00 IST 2026: ⚠️ ALERT: Backend process not running
Sun Aug 16 01:15:00 IST 2026: ⚠️ ALERT: Port 5050 not listening
Sun Aug 16 01:15:00 IST 2026: ⚠️ ALERT: MongoDB unreachable
Sun Aug 16 01:15:00 IST 2026: Database backups:      125
Sun Aug 16 01:15:00 IST 2026: Disk usage: 27%
Sun Aug 16 01:15:00 IST 2026: ⚠️ ALERT: API health check failed
Sun Aug 16 01:20:00 IST 2026: ⚠️ ALERT: Backend process not running
Sun Aug 16 01:20:00 IST 2026: ⚠️ ALERT: Port 5050 not listening
Sun Aug 16 01:20:00 IST 2026: ⚠️ ALERT: MongoDB unreachable
Sun Aug 16 01:20:00 IST 2026: Database backups:      125
Sun Aug 16 01:20:00 IST 2026: Disk usage: 27%
Sun Aug 16 01:20:00 IST 2026: ⚠️ ALERT: API health check failed
Sun Aug 16 01:25:00 IST 2026: ⚠️ ALERT: Backend process not running
Sun Aug 16 01:25:00 IST 2026: ⚠️ ALERT: Port 5050 not listening
Sun Aug 16 01:25:00 IST 2026: ⚠️ ALERT: MongoDB unreachable
Sun Aug 16 01:25:00 IST 2026: Database backups:      125
Sun Aug 16 01:25:00 IST 2026: Disk usage: 27%
Sun Aug 16 01:25:00 IST 2026: ⚠️ ALERT: API health check failed
Sun Aug 16 01:30:00 IST 2026: ⚠️ ALERT: Backend process not running
Sun Aug 16 01:30:00 IST 2026: ⚠️ ALERT: Port 5050 not listening
Sun Aug 16 01:30:00 IST 2026: ⚠️ ALERT: MongoDB unreachable
Sun Aug 16 01:30:00 IST 2026: Database backups:      125
Sun Aug 16 01:30:00 IST 2026: Disk usage: 27%
Sun Aug 16 01:30:00 IST 2026: ⚠️ ALERT: API health check failed
Sun Aug 16 01:35:00 IST 2026: ⚠️ ALERT: Backend process not running
Sun Aug 16 01:35:00 IST 2026: ⚠️ ALERT: Port 5050 not listening
Sun Aug 16 01:35:00 IST 2026: ⚠️ ALERT: MongoDB unreachable
Sun Aug 16 01:35:00 IST 2026: Database backups:      125
Sun Aug 16 01:35:00 IST 2026: Disk usage: 27%
Sun Aug 16 01:35:00 IST 2026: ⚠️ ALERT: API health check failed
Sun Aug 16 01:40:00 IST 2026: ⚠️ ALERT: Backend process not running
Sun Aug 16 01:40:00 IST 2026: ⚠️ ALERT: Port 5050 not listening
Sun Aug 16 01:40:00 IST 2026: ⚠️ ALERT: MongoDB unreachable
Sun Aug 16 01:40:00 IST 2026: Database backups:      125
Sun Aug 16 01:40:00 IST 2026: Disk usage: 27%
Sun Aug 16 01:40:00 IST 2026: ⚠️ ALERT: API health check failed
Sun Aug 16 01:45:00 IST 2026: ⚠️ ALERT: Backend process not running
Sun Aug 16 01:45:00 IST 2026: ⚠️ ALERT: Port 5050 not listening
Sun Aug 16 01:45:00 IST 2026: ⚠️ ALERT: MongoDB unreachable
Sun Aug 16 01:45:00 IST 2026: Database backups:      125
Sun Aug 16 01:45:00 IST 2026: Disk usage: 27%
Sun Aug 16 01:45:00 IST 2026: ⚠️ ALERT: API health check failed
Sun Aug 16 01:50:01 IST 2026: ⚠️ ALERT: Backend process not running
Sun Aug 16 01:50:01 IST 2026: ⚠️ ALERT: Port 5050 not listening
Sun Aug 16 01:50:01 IST 2026: ⚠️ ALERT: MongoDB unreachable
Sun Aug 16 01:50:01 IST 2026: Database backups:      125
Sun Aug 16 01:50:01 IST 2026: Disk usage: 27%
Sun Aug 16 01:50:01 IST 2026: ⚠️ ALERT: API health check failed
Sun Aug 16 01:55:00 IST 2026: ⚠️ ALERT: Backend process not running
Sun Aug 16 01:55:00 IST 2026: ⚠️ ALERT: Port 5050 not listening
Sun Aug 16 01:55:00 IST 2026: ⚠️ ALERT: MongoDB unreachable
Sun Aug 16 01:55:00 IST 2026: Database backups:      125
Sun Aug 16 01:55:00 IST 2026: Disk usage: 27%
Sun Aug 16 01:55:00 IST 2026: ⚠️ ALERT: API health check failed
Sun Aug 16 02:00:00 IST 2026: ⚠️ ALERT: Backend process not running
Sun Aug 16 02:00:00 IST 2026: ⚠️ ALERT: Port 5050 not listening
Sun Aug 16 02:00:00 IST 2026: ⚠️ ALERT: MongoDB unreachable
Sun Aug 16 02:00:00 IST 2026: Database backups:      125
Sun Aug 16 02:00:00 IST 2026: Disk usage: 27%
Sun Aug 16 02:00:00 IST 2026: ⚠️ ALERT: API health check failed
Sun Aug 16 02:05:00 IST 2026: ⚠️ ALERT: Backend process not running
Sun Aug 16 02:05:00 IST 2026: ⚠️ ALERT: Port 5050 not listening
Sun Aug 16 02:05:00 IST 2026: ⚠️ ALERT: MongoDB unreachable
Sun Aug 16 02:05:00 IST 2026: Database backups:      125
Sun Aug 16 02:05:00 IST 2026: Disk usage: 27%
Sun Aug 16 02:05:00 IST 2026: ⚠️ ALERT: API health check failed
Sun Aug 16 02:10:00 IST 2026: ⚠️ ALERT: Backend process not running
Sun Aug 16 02:10:00 IST 2026: ⚠️ ALERT: Port 5050 not listening
Sun Aug 16 02:10:00 IST 2026: ⚠️ ALERT: MongoDB unreachable
Sun Aug 16 02:10:00 IST 2026: Database backups:      125
Sun Aug 16 02:10:00 IST 2026: Disk usage: 27%
Sun Aug 16 02:10:00 IST 2026: ⚠️ ALERT: API health check failed
Sun Aug 16 02:15:00 IST 2026: ⚠️ ALERT: Backend process not running
Sun Aug 16 02:15:00 IST 2026: ⚠️ ALERT: Port 5050 not listening
Sun Aug 16 02:15:00 IST 2026: ⚠️ ALERT: MongoDB unreachable
Sun Aug 16 02:15:00 IST 2026: Database backups:      125
Sun Aug 16 02:15:00 IST 2026: Disk usage: 27%
Sun Aug 16 02:15:01 IST 2026: ⚠️ ALERT: API health check failed
Sun Aug 16 02:20:00 IST 2026: ⚠️ ALERT: Backend process not running
Sun Aug 16 02:20:00 IST 2026: ⚠️ ALERT: Port 5050 not listening
Sun Aug 16 02:20:00 IST 2026: ⚠️ ALERT: MongoDB unreachable
Sun Aug 16 02:20:00 IST 2026: Database backups:      125
Sun Aug 16 02:20:00 IST 2026: Disk usage: 27%
Sun Aug 16 02:20:00 IST 2026: ⚠️ ALERT: API health check failed
Sun Aug 16 02:25:00 IST 2026: ⚠️ ALERT: Backend process not running
Sun Aug 16 02:25:00 IST 2026: ⚠️ ALERT: Port 5050 not listening
Sun Aug 16 02:25:00 IST 2026: ⚠️ ALERT: MongoDB unreachable
Sun Aug 16 02:25:00 IST 2026: Database backups:      125
Sun Aug 16 02:25:00 IST 2026: Disk usage: 27%
Sun Aug 16 02:25:00 IST 2026: ⚠️ ALERT: API health check failed
Sun Aug 16 02:30:00 IST 2026: ⚠️ ALERT: Backend process not running
Sun Aug 16 02:30:00 IST 2026: ⚠️ ALERT: Port 5050 not listening
Sun Aug 16 02:30:00 IST 2026: ⚠️ ALERT: MongoDB unreachable
Sun Aug 16 02:30:00 IST 2026: Database backups:      125
Sun Aug 16 02:30:00 IST 2026: Disk usage: 27%
Sun Aug 16 02:30:00 IST 2026: ⚠️ ALERT: API health check failed
Sun Aug 16 02:35:00 IST 2026: ⚠️ ALERT: Backend process not running
Sun Aug 16 02:35:00 IST 2026: ⚠️ ALERT: Port 5050 not listening
Sun Aug 16 02:35:00 IST 2026: ⚠️ ALERT: MongoDB unreachable
Sun Aug 16 02:35:00 IST 2026: Database backups:      125
Sun Aug 16 02:35:00 IST 2026: Disk usage: 27%
Sun Aug 16 02:35:00 IST 2026: ⚠️ ALERT: API health check failed
Sun Aug 16 02:40:01 IST 2026: ⚠️ ALERT: Backend process not running
Sun Aug 16 02:40:01 IST 2026: ⚠️ ALERT: Port 5050 not listening
Sun Aug 16 02:40:01 IST 2026: ⚠️ ALERT: MongoDB unreachable
Sun Aug 16 02:40:01 IST 2026: Database backups:      125
Sun Aug 16 02:40:01 IST 2026: Disk usage: 27%
Sun Aug 16 02:40:01 IST 2026: ⚠️ ALERT: API health check failed
Sun Aug 16 02:45:00 IST 2026: ⚠️ ALERT: Backend process not running
Sun Aug 16 02:45:00 IST 2026: ⚠️ ALERT: Port 5050 not listening
Sun Aug 16 02:45:00 IST 2026: ⚠️ ALERT: MongoDB unreachable
Sun Aug 16 02:45:00 IST 2026: Database backups:      125
Sun Aug 16 02:45:00 IST 2026: Disk usage: 27%
Sun Aug 16 02:45:00 IST 2026: ⚠️ ALERT: API health check failed
Sun Aug 16 02:50:00 IST 2026: ⚠️ ALERT: Backend process not running
Sun Aug 16 02:50:00 IST 2026: ⚠️ ALERT: Port 5050 not listening
Sun Aug 16 02:50:00 IST 2026: ⚠️ ALERT: MongoDB unreachable
Sun Aug 16 02:50:00 IST 2026: Database backups:      125
Sun Aug 16 02:50:00 IST 2026: Disk usage: 27%
Sun Aug 16 02:50:00 IST 2026: ⚠️ ALERT: API health check failed
Sun Aug 16 02:55:00 IST 2026: ⚠️ ALERT: Backend process not running
Sun Aug 16 02:55:00 IST 2026: ⚠️ ALERT: Port 5050 not listening
Sun Aug 16 02:55:00 IST 2026: ⚠️ ALERT: MongoDB unreachable
Sun Aug 16 02:55:00 IST 2026: Database backups:      125
Sun Aug 16 02:55:01 IST 2026: Disk usage: 27%
Sun Aug 16 02:55:01 IST 2026: ⚠️ ALERT: API health check failed
Sun Aug 16 03:00:00 IST 2026: ⚠️ ALERT: Backend process not running
Sun Aug 16 03:00:00 IST 2026: ⚠️ ALERT: Port 5050 not listening
Sun Aug 16 03:00:00 IST 2026: ⚠️ ALERT: MongoDB unreachable
Sun Aug 16 03:00:00 IST 2026: Database backups:      125
Sun Aug 16 03:00:00 IST 2026: Disk usage: 27%
Sun Aug 16 03:00:00 IST 2026: ⚠️ ALERT: API health check failed
Sun Aug 16 03:05:00 IST 2026: ⚠️ ALERT: Backend process not running
Sun Aug 16 03:05:00 IST 2026: ⚠️ ALERT: Port 5050 not listening
Sun Aug 16 03:05:00 IST 2026: ⚠️ ALERT: MongoDB unreachable
Sun Aug 16 03:05:00 IST 2026: Database backups:      125
Sun Aug 16 03:05:00 IST 2026: Disk usage: 27%
Sun Aug 16 03:05:00 IST 2026: ⚠️ ALERT: API health check failed
Sun Aug 16 03:10:00 IST 2026: ⚠️ ALERT: Backend process not running
Sun Aug 16 03:10:00 IST 2026: ⚠️ ALERT: Port 5050 not listening
Sun Aug 16 03:10:00 IST 2026: ⚠️ ALERT: MongoDB unreachable
Sun Aug 16 03:10:00 IST 2026: Database backups:      125
Sun Aug 16 03:10:00 IST 2026: Disk usage: 27%
Sun Aug 16 03:10:00 IST 2026: ⚠️ ALERT: API health check failed
Sun Aug 16 03:15:00 IST 2026: ⚠️ ALERT: Backend process not running
Sun Aug 16 03:15:00 IST 2026: ⚠️ ALERT: Port 5050 not listening
Sun Aug 16 03:15:00 IST 2026: ⚠️ ALERT: MongoDB unreachable
Sun Aug 16 03:15:00 IST 2026: Database backups:      125
Sun Aug 16 03:15:00 IST 2026: Disk usage: 27%
Sun Aug 16 03:15:00 IST 2026: ⚠️ ALERT: API health check failed
Sun Aug 16 03:20:00 IST 2026: ⚠️ ALERT: Backend process not running
Sun Aug 16 03:20:00 IST 2026: ⚠️ ALERT: Port 5050 not listening
Sun Aug 16 03:20:00 IST 2026: ⚠️ ALERT: MongoDB unreachable
Sun Aug 16 03:20:00 IST 2026: Database backups:      125
Sun Aug 16 03:20:00 IST 2026: Disk usage: 27%
Sun Aug 16 03:20:00 IST 2026: ⚠️ ALERT: API health check failed
Sun Aug 16 03:25:00 IST 2026: ⚠️ ALERT: Backend process not running
Sun Aug 16 03:25:00 IST 2026: ⚠️ ALERT: Port 5050 not listening
Sun Aug 16 03:25:00 IST 2026: ⚠️ ALERT: MongoDB unreachable
Sun Aug 16 03:25:00 IST 2026: Database backups:      125
Sun Aug 16 03:25:00 IST 2026: Disk usage: 27%
Sun Aug 16 03:25:00 IST 2026: ⚠️ ALERT: API health check failed
Sun Aug 16 03:30:00 IST 2026: ⚠️ ALERT: Backend process not running
Sun Aug 16 03:30:00 IST 2026: ⚠️ ALERT: Port 5050 not listening
Sun Aug 16 03:30:00 IST 2026: ⚠️ ALERT: MongoDB unreachable
Sun Aug 16 03:30:00 IST 2026: Database backups:      125
Sun Aug 16 03:30:00 IST 2026: Disk usage: 27%
Sun Aug 16 03:30:00 IST 2026: ⚠️ ALERT: API health check failed
Sun Aug 16 03:35:00 IST 2026: ⚠️ ALERT: Backend process not running
Sun Aug 16 03:35:00 IST 2026: ⚠️ ALERT: Port 5050 not listening
Sun Aug 16 03:35:00 IST 2026: ⚠️ ALERT: MongoDB unreachable
Sun Aug 16 03:35:00 IST 2026: Database backups:      125
Sun Aug 16 03:35:00 IST 2026: Disk usage: 27%
Sun Aug 16 03:35:00 IST 2026: ⚠️ ALERT: API health check failed
Sun Aug 16 03:40:00 IST 2026: ⚠️ ALERT: Backend process not running
Sun Aug 16 03:40:00 IST 2026: ⚠️ ALERT: Port 5050 not listening
Sun Aug 16 03:40:00 IST 2026: ⚠️ ALERT: MongoDB unreachable
Sun Aug 16 03:40:00 IST 2026: Database backups:      125
Sun Aug 16 03:40:00 IST 2026: Disk usage: 27%
Sun Aug 16 03:40:00 IST 2026: ⚠️ ALERT: API health check failed
Sun Aug 16 03:45:01 IST 2026: ⚠️ ALERT: Backend process not running
Sun Aug 16 03:45:01 IST 2026: ⚠️ ALERT: Port 5050 not listening
Sun Aug 16 03:45:01 IST 2026: ⚠️ ALERT: MongoDB unreachable
Sun Aug 16 03:45:01 IST 2026: Database backups:      125
Sun Aug 16 03:45:01 IST 2026: Disk usage: 27%
Sun Aug 16 03:45:01 IST 2026: ⚠️ ALERT: API health check failed
Sun Aug 16 03:50:00 IST 2026: ⚠️ ALERT: Backend process not running
Sun Aug 16 03:50:00 IST 2026: ⚠️ ALERT: Port 5050 not listening
Sun Aug 16 03:50:00 IST 2026: ⚠️ ALERT: MongoDB unreachable
Sun Aug 16 03:50:00 IST 2026: Database backups:      125
Sun Aug 16 03:50:00 IST 2026: Disk usage: 27%
Sun Aug 16 03:50:00 IST 2026: ⚠️ ALERT: API health check failed
Sun Aug 16 03:55:00 IST 2026: ⚠️ ALERT: Backend process not running
Sun Aug 16 03:55:00 IST 2026: ⚠️ ALERT: Port 5050 not listening
Sun Aug 16 03:55:00 IST 2026: ⚠️ ALERT: MongoDB unreachable
Sun Aug 16 03:55:00 IST 2026: Database backups:      125
Sun Aug 16 03:55:00 IST 2026: Disk usage: 27%
Sun Aug 16 03:55:00 IST 2026: ⚠️ ALERT: API health check failed
Sun Aug 16 04:00:00 IST 2026: ⚠️ ALERT: Backend process not running
Sun Aug 16 04:00:00 IST 2026: ⚠️ ALERT: Port 5050 not listening
Sun Aug 16 04:00:00 IST 2026: ⚠️ ALERT: MongoDB unreachable
Sun Aug 16 04:00:00 IST 2026: Database backups:      125
Sun Aug 16 04:00:00 IST 2026: Disk usage: 27%
Sun Aug 16 04:00:00 IST 2026: ⚠️ ALERT: API health check failed
Sun Aug 16 04:05:00 IST 2026: ⚠️ ALERT: Backend process not running
Sun Aug 16 04:05:00 IST 2026: ⚠️ ALERT: Port 5050 not listening
Sun Aug 16 04:05:00 IST 2026: ⚠️ ALERT: MongoDB unreachable
Sun Aug 16 04:05:00 IST 2026: Database backups:      125
Sun Aug 16 04:05:00 IST 2026: Disk usage: 27%
Sun Aug 16 04:05:00 IST 2026: ⚠️ ALERT: API health check failed
Sun Aug 16 04:10:00 IST 2026: ⚠️ ALERT: Backend process not running
Sun Aug 16 04:10:00 IST 2026: ⚠️ ALERT: Port 5050 not listening
Sun Aug 16 04:10:00 IST 2026: ⚠️ ALERT: MongoDB unreachable
Sun Aug 16 04:10:00 IST 2026: Database backups:      125
Sun Aug 16 04:10:00 IST 2026: Disk usage: 27%
Sun Aug 16 04:10:00 IST 2026: ⚠️ ALERT: API health check failed
Sun Aug 16 04:15:00 IST 2026: ⚠️ ALERT: Backend process not running
Sun Aug 16 04:15:00 IST 2026: ⚠️ ALERT: Port 5050 not listening
Sun Aug 16 04:15:00 IST 2026: ⚠️ ALERT: MongoDB unreachable
Sun Aug 16 04:15:00 IST 2026: Database backups:      125
Sun Aug 16 04:15:00 IST 2026: Disk usage: 27%
Sun Aug 16 04:15:00 IST 2026: ⚠️ ALERT: API health check failed
Sun Aug 16 04:20:01 IST 2026: ⚠️ ALERT: Backend process not running
Sun Aug 16 04:20:01 IST 2026: ⚠️ ALERT: Port 5050 not listening
Sun Aug 16 04:20:01 IST 2026: ⚠️ ALERT: MongoDB unreachable
Sun Aug 16 04:20:01 IST 2026: Database backups:      125
Sun Aug 16 04:20:01 IST 2026: Disk usage: 27%
Sun Aug 16 04:20:01 IST 2026: ⚠️ ALERT: API health check failed
Sun Aug 16 04:25:00 IST 2026: ⚠️ ALERT: Backend process not running
Sun Aug 16 04:25:00 IST 2026: ⚠️ ALERT: Port 5050 not listening
Sun Aug 16 04:25:00 IST 2026: ⚠️ ALERT: MongoDB unreachable
Sun Aug 16 04:25:00 IST 2026: Database backups:      125
Sun Aug 16 04:25:00 IST 2026: Disk usage: 27%
Sun Aug 16 04:25:00 IST 2026: ⚠️ ALERT: API health check failed
Sun Aug 16 04:30:00 IST 2026: ⚠️ ALERT: Backend process not running
Sun Aug 16 04:30:00 IST 2026: ⚠️ ALERT: Port 5050 not listening
Sun Aug 16 04:30:00 IST 2026: ⚠️ ALERT: MongoDB unreachable
Sun Aug 16 04:30:00 IST 2026: Database backups:      125
Sun Aug 16 04:30:00 IST 2026: Disk usage: 27%
Sun Aug 16 04:30:00 IST 2026: ⚠️ ALERT: API health check failed
Sun Aug 16 04:35:00 IST 2026: ⚠️ ALERT: Backend process not running
Sun Aug 16 04:35:00 IST 2026: ⚠️ ALERT: Port 5050 not listening
Sun Aug 16 04:35:00 IST 2026: ⚠️ ALERT: MongoDB unreachable
Sun Aug 16 04:35:00 IST 2026: Database backups:      125
Sun Aug 16 04:35:00 IST 2026: Disk usage: 27%
Sun Aug 16 04:35:00 IST 2026: ⚠️ ALERT: API health check failed
Sun Aug 16 04:40:00 IST 2026: ⚠️ ALERT: Backend process not running
Sun Aug 16 04:40:00 IST 2026: ⚠️ ALERT: Port 5050 not listening
Sun Aug 16 04:40:00 IST 2026: ⚠️ ALERT: MongoDB unreachable
Sun Aug 16 04:40:00 IST 2026: Database backups:      125
Sun Aug 16 04:40:00 IST 2026: Disk usage: 27%
Sun Aug 16 04:40:00 IST 2026: ⚠️ ALERT: API health check failed
Sun Aug 16 04:45:01 IST 2026: ⚠️ ALERT: Backend process not running
Sun Aug 16 04:45:01 IST 2026: ⚠️ ALERT: Port 5050 not listening
Sun Aug 16 04:45:01 IST 2026: ⚠️ ALERT: MongoDB unreachable
Sun Aug 16 04:45:01 IST 2026: Database backups:      125
Sun Aug 16 04:45:01 IST 2026: Disk usage: 27%
Sun Aug 16 04:45:01 IST 2026: ⚠️ ALERT: API health check failed
Sun Aug 16 04:50:01 IST 2026: ⚠️ ALERT: Backend process not running
Sun Aug 16 04:50:01 IST 2026: ⚠️ ALERT: Port 5050 not listening
Sun Aug 16 04:50:01 IST 2026: ⚠️ ALERT: MongoDB unreachable
Sun Aug 16 04:50:01 IST 2026: Database backups:      125
Sun Aug 16 04:50:01 IST 2026: Disk usage: 28%
Sun Aug 16 04:50:01 IST 2026: ⚠️ ALERT: API health check failed
Sun Aug 16 04:55:00 IST 2026: ⚠️ ALERT: Backend process not running
Sun Aug 16 04:55:00 IST 2026: ⚠️ ALERT: Port 5050 not listening
Sun Aug 16 04:55:00 IST 2026: ⚠️ ALERT: MongoDB unreachable
Sun Aug 16 04:55:00 IST 2026: Database backups:      125
Sun Aug 16 04:55:00 IST 2026: Disk usage: 28%
Sun Aug 16 04:55:00 IST 2026: ⚠️ ALERT: API health check failed
Sun Aug 16 05:00:00 IST 2026: ⚠️ ALERT: Backend process not running
Sun Aug 16 05:00:00 IST 2026: ⚠️ ALERT: Port 5050 not listening
Sun Aug 16 05:00:00 IST 2026: ⚠️ ALERT: MongoDB unreachable
Sun Aug 16 05:00:00 IST 2026: Database backups:      125
Sun Aug 16 05:00:00 IST 2026: Disk usage: 28%
Sun Aug 16 05:00:00 IST 2026: ⚠️ ALERT: API health check failed
Sun Aug 16 05:05:00 IST 2026: ⚠️ ALERT: Backend process not running
Sun Aug 16 05:05:00 IST 2026: ⚠️ ALERT: Port 5050 not listening
Sun Aug 16 05:05:00 IST 2026: ⚠️ ALERT: MongoDB unreachable
Sun Aug 16 05:05:00 IST 2026: Database backups:      125
Sun Aug 16 05:05:00 IST 2026: Disk usage: 28%
Sun Aug 16 05:05:00 IST 2026: ⚠️ ALERT: API health check failed
Sun Aug 16 05:10:00 IST 2026: ⚠️ ALERT: Backend process not running
Sun Aug 16 05:10:00 IST 2026: ⚠️ ALERT: Port 5050 not listening
Sun Aug 16 05:10:00 IST 2026: ⚠️ ALERT: MongoDB unreachable
Sun Aug 16 05:10:00 IST 2026: Database backups:      125
Sun Aug 16 05:10:00 IST 2026: Disk usage: 28%
Sun Aug 16 05:10:00 IST 2026: ⚠️ ALERT: API health check failed
Sun Aug 16 05:15:00 IST 2026: ⚠️ ALERT: Backend process not running
Sun Aug 16 05:15:00 IST 2026: ⚠️ ALERT: Port 5050 not listening
Sun Aug 16 05:15:00 IST 2026: ⚠️ ALERT: MongoDB unreachable
Sun Aug 16 05:15:00 IST 2026: Database backups:      125
Sun Aug 16 05:15:00 IST 2026: Disk usage: 28%
Sun Aug 16 05:15:00 IST 2026: ⚠️ ALERT: API health check failed
Sun Aug 16 05:20:01 IST 2026: ⚠️ ALERT: Backend process not running
Sun Aug 16 05:20:01 IST 2026: ⚠️ ALERT: Port 5050 not listening
Sun Aug 16 05:20:01 IST 2026: ⚠️ ALERT: MongoDB unreachable
Sun Aug 16 05:20:01 IST 2026: Database backups:      125
Sun Aug 16 05:20:01 IST 2026: Disk usage: 28%
Sun Aug 16 05:20:01 IST 2026: ⚠️ ALERT: API health check failed
Sun Aug 16 05:25:00 IST 2026: ⚠️ ALERT: Backend process not running
Sun Aug 16 05:25:00 IST 2026: ⚠️ ALERT: Port 5050 not listening
Sun Aug 16 05:25:00 IST 2026: ⚠️ ALERT: MongoDB unreachable
Sun Aug 16 05:25:00 IST 2026: Database backups:      125
Sun Aug 16 05:25:00 IST 2026: Disk usage: 28%
Sun Aug 16 05:25:00 IST 2026: ⚠️ ALERT: API health check failed
Sun Aug 16 05:30:01 IST 2026: ⚠️ ALERT: Backend process not running
Sun Aug 16 05:30:01 IST 2026: ⚠️ ALERT: Port 5050 not listening
Sun Aug 16 05:30:01 IST 2026: ⚠️ ALERT: MongoDB unreachable
Sun Aug 16 05:30:01 IST 2026: Database backups:      125
Sun Aug 16 05:30:01 IST 2026: Disk usage: 29%
Sun Aug 16 05:30:01 IST 2026: ⚠️ ALERT: API health check failed
Sun Aug 16 05:35:00 IST 2026: ⚠️ ALERT: Backend process not running
Sun Aug 16 05:35:00 IST 2026: ⚠️ ALERT: Port 5050 not listening
Sun Aug 16 05:35:00 IST 2026: ⚠️ ALERT: MongoDB unreachable
Sun Aug 16 05:35:00 IST 2026: Database backups:      125
Sun Aug 16 05:35:00 IST 2026: Disk usage: 29%
Sun Aug 16 05:35:00 IST 2026: ⚠️ ALERT: API health check failed
Sun Aug 16 05:40:00 IST 2026: ⚠️ ALERT: Backend process not running
Sun Aug 16 05:40:00 IST 2026: ⚠️ ALERT: Port 5050 not listening
Sun Aug 16 05:40:00 IST 2026: ⚠️ ALERT: MongoDB unreachable
Sun Aug 16 05:40:00 IST 2026: Database backups:      125
Sun Aug 16 05:40:00 IST 2026: Disk usage: 29%
Sun Aug 16 05:40:00 IST 2026: ⚠️ ALERT: API health check failed
Sun Aug 16 05:45:00 IST 2026: ⚠️ ALERT: Backend process not running
Sun Aug 16 05:45:00 IST 2026: ⚠️ ALERT: Port 5050 not listening
Sun Aug 16 05:45:00 IST 2026: ⚠️ ALERT: MongoDB unreachable
Sun Aug 16 05:45:00 IST 2026: Database backups:      125
Sun Aug 16 05:45:00 IST 2026: Disk usage: 29%
Sun Aug 16 05:45:00 IST 2026: ⚠️ ALERT: API health check failed
Sun Aug 16 05:50:00 IST 2026: ⚠️ ALERT: Backend process not running
Sun Aug 16 05:50:00 IST 2026: ⚠️ ALERT: Port 5050 not listening
Sun Aug 16 05:50:00 IST 2026: ⚠️ ALERT: MongoDB unreachable
Sun Aug 16 05:50:00 IST 2026: Database backups:      125
Sun Aug 16 05:50:00 IST 2026: Disk usage: 29%
Sun Aug 16 05:50:00 IST 2026: ⚠️ ALERT: API health check failed
Sun Aug 16 05:55:00 IST 2026: ⚠️ ALERT: Backend process not running
Sun Aug 16 05:55:00 IST 2026: ⚠️ ALERT: Port 5050 not listening
Sun Aug 16 05:55:00 IST 2026: ⚠️ ALERT: MongoDB unreachable
Sun Aug 16 05:55:00 IST 2026: Database backups:      125
Sun Aug 16 05:55:00 IST 2026: Disk usage: 29%
Sun Aug 16 05:55:00 IST 2026: ⚠️ ALERT: API health check failed
Sun Aug 16 06:00:00 IST 2026: ⚠️ ALERT: Backend process not running
Sun Aug 16 06:00:00 IST 2026: ⚠️ ALERT: Port 5050 not listening
Sun Aug 16 06:00:00 IST 2026: ⚠️ ALERT: MongoDB unreachable
Sun Aug 16 06:00:00 IST 2026: Database backups:      125
Sun Aug 16 06:00:00 IST 2026: Disk usage: 29%
Sun Aug 16 06:00:00 IST 2026: ⚠️ ALERT: API health check failed
Sun Aug 16 06:05:00 IST 2026: ⚠️ ALERT: Backend process not running
Sun Aug 16 06:05:00 IST 2026: ⚠️ ALERT: Port 5050 not listening
Sun Aug 16 06:05:00 IST 2026: ⚠️ ALERT: MongoDB unreachable
Sun Aug 16 06:05:00 IST 2026: Database backups:      125
Sun Aug 16 06:05:00 IST 2026: Disk usage: 29%
Sun Aug 16 06:05:00 IST 2026: ⚠️ ALERT: API health check failed
Sun Aug 16 06:10:00 IST 2026: ⚠️ ALERT: Backend process not running
Sun Aug 16 06:10:00 IST 2026: ⚠️ ALERT: Port 5050 not listening
Sun Aug 16 06:10:00 IST 2026: ⚠️ ALERT: MongoDB unreachable
Sun Aug 16 06:10:00 IST 2026: Database backups:      125
Sun Aug 16 06:10:00 IST 2026: Disk usage: 29%
Sun Aug 16 06:10:00 IST 2026: ⚠️ ALERT: API health check failed
Sun Aug 16 06:15:00 IST 2026: ⚠️ ALERT: Backend process not running
Sun Aug 16 06:15:00 IST 2026: ⚠️ ALERT: Port 5050 not listening
Sun Aug 16 06:15:00 IST 2026: ⚠️ ALERT: MongoDB unreachable
Sun Aug 16 06:15:00 IST 2026: Database backups:      125
Sun Aug 16 06:15:00 IST 2026: Disk usage: 29%
Sun Aug 16 06:15:00 IST 2026: ⚠️ ALERT: API health check failed
Sun Aug 16 06:20:00 IST 2026: ⚠️ ALERT: Backend process not running
Sun Aug 16 06:20:00 IST 2026: ⚠️ ALERT: Port 5050 not listening
Sun Aug 16 06:20:00 IST 2026: ⚠️ ALERT: MongoDB unreachable
Sun Aug 16 06:20:00 IST 2026: Database backups:      125
Sun Aug 16 06:20:00 IST 2026: Disk usage: 29%
Sun Aug 16 06:20:00 IST 2026: ⚠️ ALERT: API health check failed
Sun Aug 16 06:25:00 IST 2026: ⚠️ ALERT: Backend process not running
Sun Aug 16 06:25:00 IST 2026: ⚠️ ALERT: Port 5050 not listening
Sun Aug 16 06:25:00 IST 2026: ⚠️ ALERT: MongoDB unreachable
Sun Aug 16 06:25:00 IST 2026: Database backups:      125
Sun Aug 16 06:25:00 IST 2026: Disk usage: 29%
Sun Aug 16 06:25:00 IST 2026: ⚠️ ALERT: API health check failed
Sun Aug 16 06:30:00 IST 2026: ⚠️ ALERT: Backend process not running
Sun Aug 16 06:30:00 IST 2026: ⚠️ ALERT: Port 5050 not listening
Sun Aug 16 06:30:00 IST 2026: ⚠️ ALERT: MongoDB unreachable
Sun Aug 16 06:30:00 IST 2026: Database backups:      125
Sun Aug 16 06:30:00 IST 2026: Disk usage: 29%
Sun Aug 16 06:30:00 IST 2026: ⚠️ ALERT: API health check failed
Sun Aug 16 06:35:00 IST 2026: ⚠️ ALERT: Backend process not running
Sun Aug 16 06:35:00 IST 2026: ⚠️ ALERT: Port 5050 not listening
Sun Aug 16 06:35:00 IST 2026: ⚠️ ALERT: MongoDB unreachable
Sun Aug 16 06:35:00 IST 2026: Database backups:      125
Sun Aug 16 06:35:00 IST 2026: Disk usage: 29%
Sun Aug 16 06:35:00 IST 2026: ⚠️ ALERT: API health check failed
Sun Aug 16 06:40:00 IST 2026: ⚠️ ALERT: Backend process not running
Sun Aug 16 06:40:00 IST 2026: ⚠️ ALERT: Port 5050 not listening
Sun Aug 16 06:40:00 IST 2026: ⚠️ ALERT: MongoDB unreachable
Sun Aug 16 06:40:00 IST 2026: Database backups:      125
Sun Aug 16 06:40:00 IST 2026: Disk usage: 29%
Sun Aug 16 06:40:00 IST 2026: ⚠️ ALERT: API health check failed
Sun Aug 16 06:45:01 IST 2026: ⚠️ ALERT: Backend process not running
Sun Aug 16 06:45:01 IST 2026: ⚠️ ALERT: Port 5050 not listening
Sun Aug 16 06:45:01 IST 2026: ⚠️ ALERT: MongoDB unreachable
Sun Aug 16 06:45:01 IST 2026: Database backups:      125
Sun Aug 16 06:45:01 IST 2026: Disk usage: 29%
Sun Aug 16 06:45:01 IST 2026: ⚠️ ALERT: API health check failed
Sun Aug 16 06:50:00 IST 2026: ⚠️ ALERT: Backend process not running
Sun Aug 16 06:50:00 IST 2026: ⚠️ ALERT: Port 5050 not listening
Sun Aug 16 06:50:00 IST 2026: ⚠️ ALERT: MongoDB unreachable
Sun Aug 16 06:50:00 IST 2026: Database backups:      125
Sun Aug 16 06:50:00 IST 2026: Disk usage: 29%
Sun Aug 16 06:50:00 IST 2026: ⚠️ ALERT: API health check failed
Sun Aug 16 06:55:00 IST 2026: ⚠️ ALERT: Backend process not running
Sun Aug 16 06:55:00 IST 2026: ⚠️ ALERT: Port 5050 not listening
Sun Aug 16 06:55:00 IST 2026: ⚠️ ALERT: MongoDB unreachable
Sun Aug 16 06:55:00 IST 2026: Database backups:      125
Sun Aug 16 06:55:00 IST 2026: Disk usage: 29%
Sun Aug 16 06:55:00 IST 2026: ⚠️ ALERT: API health check failed
Sun Aug 16 07:00:00 IST 2026: ⚠️ ALERT: Backend process not running
Sun Aug 16 07:00:00 IST 2026: ⚠️ ALERT: Port 5050 not listening
Sun Aug 16 07:00:00 IST 2026: ⚠️ ALERT: MongoDB unreachable
Sun Aug 16 07:00:00 IST 2026: Database backups:      125
Sun Aug 16 07:00:00 IST 2026: Disk usage: 29%
Sun Aug 16 07:00:00 IST 2026: ⚠️ ALERT: API health check failed
Sun Aug 16 07:05:00 IST 2026: ⚠️ ALERT: Backend process not running
Sun Aug 16 07:05:00 IST 2026: ⚠️ ALERT: Port 5050 not listening
Sun Aug 16 07:05:00 IST 2026: ⚠️ ALERT: MongoDB unreachable
Sun Aug 16 07:05:00 IST 2026: Database backups:      125
Sun Aug 16 07:05:00 IST 2026: Disk usage: 29%
Sun Aug 16 07:05:00 IST 2026: ⚠️ ALERT: API health check failed
Sun Aug 16 07:10:00 IST 2026: ⚠️ ALERT: Backend process not running
Sun Aug 16 07:10:00 IST 2026: ⚠️ ALERT: Port 5050 not listening
Sun Aug 16 07:10:00 IST 2026: ⚠️ ALERT: MongoDB unreachable
Sun Aug 16 07:10:00 IST 2026: Database backups:      125
Sun Aug 16 07:10:00 IST 2026: Disk usage: 29%
Sun Aug 16 07:10:00 IST 2026: ⚠️ ALERT: API health check failed
Sun Aug 16 07:15:00 IST 2026: ⚠️ ALERT: Backend process not running
Sun Aug 16 07:15:00 IST 2026: ⚠️ ALERT: Port 5050 not listening
Sun Aug 16 07:15:00 IST 2026: ⚠️ ALERT: MongoDB unreachable
Sun Aug 16 07:15:01 IST 2026: Database backups:      125
Sun Aug 16 07:15:01 IST 2026: Disk usage: 29%
Sun Aug 16 07:15:01 IST 2026: ⚠️ ALERT: API health check failed
Sun Aug 16 07:20:00 IST 2026: ⚠️ ALERT: Backend process not running
Sun Aug 16 07:20:00 IST 2026: ⚠️ ALERT: Port 5050 not listening
Sun Aug 16 07:20:00 IST 2026: ⚠️ ALERT: MongoDB unreachable
Sun Aug 16 07:20:00 IST 2026: Database backups:      125
Sun Aug 16 07:20:00 IST 2026: Disk usage: 29%
Sun Aug 16 07:20:00 IST 2026: ⚠️ ALERT: API health check failed
Sun Aug 16 07:25:00 IST 2026: ⚠️ ALERT: Backend process not running
Sun Aug 16 07:25:00 IST 2026: ⚠️ ALERT: Port 5050 not listening
Sun Aug 16 07:25:00 IST 2026: ⚠️ ALERT: MongoDB unreachable
Sun Aug 16 07:25:00 IST 2026: Database backups:      125
Sun Aug 16 07:25:00 IST 2026: Disk usage: 29%
Sun Aug 16 07:25:00 IST 2026: ⚠️ ALERT: API health check failed
Sun Aug 16 07:30:00 IST 2026: ⚠️ ALERT: Backend process not running
Sun Aug 16 07:30:00 IST 2026: ⚠️ ALERT: Port 5050 not listening
Sun Aug 16 07:30:00 IST 2026: ⚠️ ALERT: MongoDB unreachable
Sun Aug 16 07:30:00 IST 2026: Database backups:      125
Sun Aug 16 07:30:00 IST 2026: Disk usage: 29%
Sun Aug 16 07:30:00 IST 2026: ⚠️ ALERT: API health check failed
Sun Aug 16 07:35:00 IST 2026: ⚠️ ALERT: Backend process not running
Sun Aug 16 07:35:00 IST 2026: ⚠️ ALERT: Port 5050 not listening
Sun Aug 16 07:35:00 IST 2026: ⚠️ ALERT: MongoDB unreachable
Sun Aug 16 07:35:00 IST 2026: Database backups:      125
Sun Aug 16 07:35:00 IST 2026: Disk usage: 29%
Sun Aug 16 07:35:00 IST 2026: ⚠️ ALERT: API health check failed
Sun Aug 16 07:40:00 IST 2026: ⚠️ ALERT: Backend process not running
Sun Aug 16 07:40:00 IST 2026: ⚠️ ALERT: Port 5050 not listening
Sun Aug 16 07:40:00 IST 2026: ⚠️ ALERT: MongoDB unreachable
Sun Aug 16 07:40:00 IST 2026: Database backups:      125
Sun Aug 16 07:40:00 IST 2026: Disk usage: 29%
Sun Aug 16 07:40:00 IST 2026: ⚠️ ALERT: API health check failed
Sun Aug 16 07:45:00 IST 2026: ⚠️ ALERT: Backend process not running
Sun Aug 16 07:45:00 IST 2026: ⚠️ ALERT: Port 5050 not listening
Sun Aug 16 07:45:00 IST 2026: ⚠️ ALERT: MongoDB unreachable
Sun Aug 16 07:45:00 IST 2026: Database backups:      125
Sun Aug 16 07:45:00 IST 2026: Disk usage: 29%
Sun Aug 16 07:45:00 IST 2026: ⚠️ ALERT: API health check failed
Sun Aug 16 07:50:00 IST 2026: ⚠️ ALERT: Backend process not running
Sun Aug 16 07:50:00 IST 2026: ⚠️ ALERT: Port 5050 not listening
Sun Aug 16 07:50:00 IST 2026: ⚠️ ALERT: MongoDB unreachable
Sun Aug 16 07:50:00 IST 2026: Database backups:      125
Sun Aug 16 07:50:00 IST 2026: Disk usage: 29%
Sun Aug 16 07:50:00 IST 2026: ⚠️ ALERT: API health check failed
Sun Aug 16 07:55:00 IST 2026: ⚠️ ALERT: Backend process not running
Sun Aug 16 07:55:00 IST 2026: ⚠️ ALERT: Port 5050 not listening
Sun Aug 16 07:55:00 IST 2026: ⚠️ ALERT: MongoDB unreachable
Sun Aug 16 07:55:00 IST 2026: Database backups:      125
Sun Aug 16 07:55:00 IST 2026: Disk usage: 29%
Sun Aug 16 07:55:00 IST 2026: ⚠️ ALERT: API health check failed
Sun Aug 16 08:00:00 IST 2026: ⚠️ ALERT: Backend process not running
Sun Aug 16 08:00:00 IST 2026: ⚠️ ALERT: Port 5050 not listening
Sun Aug 16 08:00:00 IST 2026: ⚠️ ALERT: MongoDB unreachable
Sun Aug 16 08:00:00 IST 2026: Database backups:      125
Sun Aug 16 08:00:00 IST 2026: Disk usage: 29%
Sun Aug 16 08:00:00 IST 2026: ⚠️ ALERT: API health check failed
Sun Aug 16 08:05:00 IST 2026: ⚠️ ALERT: Backend process not running
Sun Aug 16 08:05:00 IST 2026: ⚠️ ALERT: Port 5050 not listening
Sun Aug 16 08:05:00 IST 2026: ⚠️ ALERT: MongoDB unreachable
Sun Aug 16 08:05:00 IST 2026: Database backups:      125
Sun Aug 16 08:05:00 IST 2026: Disk usage: 29%
Sun Aug 16 08:05:00 IST 2026: ⚠️ ALERT: API health check failed
Sun Aug 16 08:10:00 IST 2026: ⚠️ ALERT: Backend process not running
Sun Aug 16 08:10:01 IST 2026: ⚠️ ALERT: Port 5050 not listening
Sun Aug 16 08:10:01 IST 2026: ⚠️ ALERT: MongoDB unreachable
Sun Aug 16 08:10:01 IST 2026: Database backups:      125
Sun Aug 16 08:10:01 IST 2026: Disk usage: 29%
Sun Aug 16 08:10:01 IST 2026: ⚠️ ALERT: API health check failed
Sun Aug 16 08:15:00 IST 2026: ⚠️ ALERT: Backend process not running
Sun Aug 16 08:15:00 IST 2026: ⚠️ ALERT: Port 5050 not listening
Sun Aug 16 08:15:00 IST 2026: ⚠️ ALERT: MongoDB unreachable
Sun Aug 16 08:15:00 IST 2026: Database backups:      125
Sun Aug 16 08:15:00 IST 2026: Disk usage: 29%
Sun Aug 16 08:15:00 IST 2026: ⚠️ ALERT: API health check failed
Sun Aug 16 08:20:00 IST 2026: ⚠️ ALERT: Backend process not running
Sun Aug 16 08:20:00 IST 2026: ⚠️ ALERT: Port 5050 not listening
Sun Aug 16 08:20:00 IST 2026: ⚠️ ALERT: MongoDB unreachable
Sun Aug 16 08:20:00 IST 2026: Database backups:      125
Sun Aug 16 08:20:00 IST 2026: Disk usage: 29%
Sun Aug 16 08:20:00 IST 2026: ⚠️ ALERT: API health check failed
Sun Aug 16 08:25:01 IST 2026: ⚠️ ALERT: Backend process not running
Sun Aug 16 08:25:01 IST 2026: ⚠️ ALERT: Port 5050 not listening
Sun Aug 16 08:25:01 IST 2026: ⚠️ ALERT: MongoDB unreachable
Sun Aug 16 08:25:01 IST 2026: Database backups:      125
Sun Aug 16 08:25:01 IST 2026: Disk usage: 29%
Sun Aug 16 08:25:01 IST 2026: ⚠️ ALERT: API health check failed
Sun Aug 16 08:30:00 IST 2026: ⚠️ ALERT: Backend process not running
Sun Aug 16 08:30:00 IST 2026: ⚠️ ALERT: Port 5050 not listening
Sun Aug 16 08:30:00 IST 2026: ⚠️ ALERT: MongoDB unreachable
Sun Aug 16 08:30:00 IST 2026: Database backups:      125
Sun Aug 16 08:30:00 IST 2026: Disk usage: 29%
Sun Aug 16 08:30:00 IST 2026: ⚠️ ALERT: API health check failed
Sun Aug 16 08:35:00 IST 2026: ⚠️ ALERT: Backend process not running
Sun Aug 16 08:35:00 IST 2026: ⚠️ ALERT: Port 5050 not listening
Sun Aug 16 08:35:00 IST 2026: ⚠️ ALERT: MongoDB unreachable
Sun Aug 16 08:35:00 IST 2026: Database backups:      125
Sun Aug 16 08:35:00 IST 2026: Disk usage: 29%
Sun Aug 16 08:35:00 IST 2026: ⚠️ ALERT: API health check failed
Sun Aug 16 08:40:00 IST 2026: ⚠️ ALERT: Backend process not running
Sun Aug 16 08:40:00 IST 2026: ⚠️ ALERT: Port 5050 not listening
Sun Aug 16 08:40:00 IST 2026: ⚠️ ALERT: MongoDB unreachable
Sun Aug 16 08:40:00 IST 2026: Database backups:      125
Sun Aug 16 08:40:00 IST 2026: Disk usage: 29%
Sun Aug 16 08:40:00 IST 2026: ⚠️ ALERT: API health check failed
Sun Aug 16 08:45:01 IST 2026: ⚠️ ALERT: Backend process not running
Sun Aug 16 08:45:01 IST 2026: ⚠️ ALERT: Port 5050 not listening
Sun Aug 16 08:45:01 IST 2026: ⚠️ ALERT: MongoDB unreachable
Sun Aug 16 08:45:01 IST 2026: Database backups:      125
Sun Aug 16 08:45:01 IST 2026: Disk usage: 29%
Sun Aug 16 08:45:01 IST 2026: ⚠️ ALERT: API health check failed
Sun Aug 16 08:50:00 IST 2026: ⚠️ ALERT: Backend process not running
Sun Aug 16 08:50:00 IST 2026: ⚠️ ALERT: Port 5050 not listening
Sun Aug 16 08:50:00 IST 2026: ⚠️ ALERT: MongoDB unreachable
Sun Aug 16 08:50:00 IST 2026: Database backups:      125
Sun Aug 16 08:50:00 IST 2026: Disk usage: 29%
Sun Aug 16 08:50:00 IST 2026: ⚠️ ALERT: API health check failed
Sun Aug 16 08:55:00 IST 2026: ⚠️ ALERT: Backend process not running
Sun Aug 16 08:55:00 IST 2026: ⚠️ ALERT: Port 5050 not listening
Sun Aug 16 08:55:00 IST 2026: ⚠️ ALERT: MongoDB unreachable
Sun Aug 16 08:55:00 IST 2026: Database backups:      125
Sun Aug 16 08:55:00 IST 2026: Disk usage: 29%
Sun Aug 16 08:55:00 IST 2026: ⚠️ ALERT: API health check failed
Sun Aug 16 09:00:01 IST 2026: ⚠️ ALERT: Backend process not running
Sun Aug 16 09:00:01 IST 2026: ⚠️ ALERT: Port 5050 not listening
Sun Aug 16 09:00:01 IST 2026: ⚠️ ALERT: MongoDB unreachable
Sun Aug 16 09:00:01 IST 2026: Database backups:      125
Sun Aug 16 09:00:01 IST 2026: Disk usage: 29%
Sun Aug 16 09:00:01 IST 2026: ⚠️ ALERT: API health check failed
Sun Aug 16 09:05:00 IST 2026: ⚠️ ALERT: Backend process not running
Sun Aug 16 09:05:00 IST 2026: ⚠️ ALERT: Port 5050 not listening
Sun Aug 16 09:05:00 IST 2026: ⚠️ ALERT: MongoDB unreachable
Sun Aug 16 09:05:00 IST 2026: Database backups:      125
Sun Aug 16 09:05:00 IST 2026: Disk usage: 29%
Sun Aug 16 09:05:00 IST 2026: ⚠️ ALERT: API health check failed
Sun Aug 16 09:10:00 IST 2026: ⚠️ ALERT: Backend process not running
Sun Aug 16 09:10:00 IST 2026: ⚠️ ALERT: Port 5050 not listening
Sun Aug 16 09:10:00 IST 2026: ⚠️ ALERT: MongoDB unreachable
Sun Aug 16 09:10:00 IST 2026: Database backups:      125
Sun Aug 16 09:10:00 IST 2026: Disk usage: 29%
Sun Aug 16 09:10:00 IST 2026: ⚠️ ALERT: API health check failed
Sun Aug 16 09:15:00 IST 2026: ⚠️ ALERT: Backend process not running
Sun Aug 16 09:15:00 IST 2026: ⚠️ ALERT: Port 5050 not listening
Sun Aug 16 09:15:00 IST 2026: ⚠️ ALERT: MongoDB unreachable
Sun Aug 16 09:15:00 IST 2026: Database backups:      125
Sun Aug 16 09:15:00 IST 2026: Disk usage: 29%
Sun Aug 16 09:15:00 IST 2026: ⚠️ ALERT: API health check failed
Sun Aug 16 09:20:00 IST 2026: ⚠️ ALERT: Backend process not running
Sun Aug 16 09:20:00 IST 2026: ⚠️ ALERT: Port 5050 not listening
Sun Aug 16 09:20:00 IST 2026: ⚠️ ALERT: MongoDB unreachable
Sun Aug 16 09:20:00 IST 2026: Database backups:      125
Sun Aug 16 09:20:00 IST 2026: Disk usage: 29%
Sun Aug 16 09:20:00 IST 2026: ⚠️ ALERT: API health check failed
Sun Aug 16 09:25:01 IST 2026: ⚠️ ALERT: Backend process not running
Sun Aug 16 09:25:01 IST 2026: ⚠️ ALERT: Port 5050 not listening
Sun Aug 16 09:25:01 IST 2026: ⚠️ ALERT: MongoDB unreachable
Sun Aug 16 09:25:01 IST 2026: Database backups:      125
Sun Aug 16 09:25:01 IST 2026: Disk usage: 29%
Sun Aug 16 09:25:01 IST 2026: ⚠️ ALERT: API health check failed
Sun Aug 16 09:30:00 IST 2026: ⚠️ ALERT: Backend process not running
Sun Aug 16 09:30:00 IST 2026: ⚠️ ALERT: Port 5050 not listening
Sun Aug 16 09:30:00 IST 2026: ⚠️ ALERT: MongoDB unreachable
Sun Aug 16 09:30:00 IST 2026: Database backups:      125
Sun Aug 16 09:30:00 IST 2026: Disk usage: 29%
Sun Aug 16 09:30:00 IST 2026: ⚠️ ALERT: API health check failed
Sun Aug 16 09:35:00 IST 2026: ⚠️ ALERT: Backend process not running
Sun Aug 16 09:35:00 IST 2026: ⚠️ ALERT: Port 5050 not listening
Sun Aug 16 09:35:00 IST 2026: ⚠️ ALERT: MongoDB unreachable
Sun Aug 16 09:35:00 IST 2026: Database backups:      125
Sun Aug 16 09:35:00 IST 2026: Disk usage: 29%
Sun Aug 16 09:35:00 IST 2026: ⚠️ ALERT: API health check failed
Sun Aug 16 09:40:00 IST 2026: ⚠️ ALERT: Backend process not running
Sun Aug 16 09:40:00 IST 2026: ⚠️ ALERT: Port 5050 not listening
Sun Aug 16 09:40:00 IST 2026: ⚠️ ALERT: MongoDB unreachable
Sun Aug 16 09:40:00 IST 2026: Database backups:      125
Sun Aug 16 09:40:00 IST 2026: Disk usage: 29%
Sun Aug 16 09:40:00 IST 2026: ⚠️ ALERT: API health check failed
Sun Aug 16 09:45:01 IST 2026: ⚠️ ALERT: Backend process not running
Sun Aug 16 09:45:01 IST 2026: ⚠️ ALERT: Port 5050 not listening
Sun Aug 16 09:45:01 IST 2026: ⚠️ ALERT: MongoDB unreachable
Sun Aug 16 09:45:01 IST 2026: Database backups:      125
Sun Aug 16 09:45:01 IST 2026: Disk usage: 29%
Sun Aug 16 09:45:01 IST 2026: ⚠️ ALERT: API health check failed
Sun Aug 16 09:50:00 IST 2026: ⚠️ ALERT: Backend process not running
Sun Aug 16 09:50:00 IST 2026: ⚠️ ALERT: Port 5050 not listening
Sun Aug 16 09:50:00 IST 2026: ⚠️ ALERT: MongoDB unreachable
Sun Aug 16 09:50:00 IST 2026: Database backups:      125
Sun Aug 16 09:50:00 IST 2026: Disk usage: 29%
Sun Aug 16 09:50:00 IST 2026: ⚠️ ALERT: API health check failed
Sun Aug 16 09:55:00 IST 2026: ⚠️ ALERT: Backend process not running
Sun Aug 16 09:55:00 IST 2026: ⚠️ ALERT: Port 5050 not listening
Sun Aug 16 09:55:00 IST 2026: ⚠️ ALERT: MongoDB unreachable
Sun Aug 16 09:55:00 IST 2026: Database backups:      125
Sun Aug 16 09:55:00 IST 2026: Disk usage: 29%
Sun Aug 16 09:55:00 IST 2026: ⚠️ ALERT: API health check failed
Sun Aug 16 10:00:00 IST 2026: ⚠️ ALERT: Backend process not running
Sun Aug 16 10:00:00 IST 2026: ⚠️ ALERT: Port 5050 not listening
Sun Aug 16 10:00:00 IST 2026: ⚠️ ALERT: MongoDB unreachable
Sun Aug 16 10:00:00 IST 2026: Database backups:      125
Sun Aug 16 10:00:00 IST 2026: Disk usage: 29%
Sun Aug 16 10:00:00 IST 2026: ⚠️ ALERT: API health check failed
Sun Aug 16 10:05:01 IST 2026: ⚠️ ALERT: Backend process not running
Sun Aug 16 10:05:01 IST 2026: ⚠️ ALERT: Port 5050 not listening
Sun Aug 16 10:05:01 IST 2026: ⚠️ ALERT: MongoDB unreachable
Sun Aug 16 10:05:01 IST 2026: Database backups:      125
Sun Aug 16 10:05:01 IST 2026: Disk usage: 29%
Sun Aug 16 10:05:01 IST 2026: ⚠️ ALERT: API health check failed
Sun Aug 16 10:10:00 IST 2026: ⚠️ ALERT: Backend process not running
Sun Aug 16 10:10:00 IST 2026: ⚠️ ALERT: Port 5050 not listening
Sun Aug 16 10:10:00 IST 2026: ⚠️ ALERT: MongoDB unreachable
Sun Aug 16 10:10:00 IST 2026: Database backups:      125
Sun Aug 16 10:10:00 IST 2026: Disk usage: 29%
Sun Aug 16 10:10:00 IST 2026: ⚠️ ALERT: API health check failed
Sun Aug 16 10:15:00 IST 2026: ⚠️ ALERT: Backend process not running
Sun Aug 16 10:15:00 IST 2026: ⚠️ ALERT: Port 5050 not listening
Sun Aug 16 10:15:00 IST 2026: ⚠️ ALERT: MongoDB unreachable
Sun Aug 16 10:15:00 IST 2026: Database backups:      125
Sun Aug 16 10:15:00 IST 2026: Disk usage: 29%
Sun Aug 16 10:15:00 IST 2026: ⚠️ ALERT: API health check failed
Sun Aug 16 10:20:00 IST 2026: ⚠️ ALERT: Backend process not running
Sun Aug 16 10:20:00 IST 2026: ⚠️ ALERT: Port 5050 not listening
Sun Aug 16 10:20:00 IST 2026: ⚠️ ALERT: MongoDB unreachable
Sun Aug 16 10:20:00 IST 2026: Database backups:      125
Sun Aug 16 10:20:00 IST 2026: Disk usage: 29%
Sun Aug 16 10:20:00 IST 2026: ⚠️ ALERT: API health check failed
Sun Aug 16 10:25:01 IST 2026: ⚠️ ALERT: Backend process not running
Sun Aug 16 10:25:01 IST 2026: ⚠️ ALERT: Port 5050 not listening
Sun Aug 16 10:25:01 IST 2026: ⚠️ ALERT: MongoDB unreachable
Sun Aug 16 10:25:01 IST 2026: Database backups:      125
Sun Aug 16 10:25:01 IST 2026: Disk usage: 29%
Sun Aug 16 10:25:01 IST 2026: ⚠️ ALERT: API health check failed
Sun Aug 16 10:30:00 IST 2026: ⚠️ ALERT: Backend process not running
Sun Aug 16 10:30:00 IST 2026: ⚠️ ALERT: Port 5050 not listening
Sun Aug 16 10:30:00 IST 2026: ⚠️ ALERT: MongoDB unreachable
Sun Aug 16 10:30:00 IST 2026: Database backups:      125
Sun Aug 16 10:30:00 IST 2026: Disk usage: 29%
Sun Aug 16 10:30:00 IST 2026: ⚠️ ALERT: API health check failed
Sun Aug 16 10:35:00 IST 2026: ⚠️ ALERT: Backend process not running
Sun Aug 16 10:35:00 IST 2026: ⚠️ ALERT: Port 5050 not listening
Sun Aug 16 10:35:00 IST 2026: ⚠️ ALERT: MongoDB unreachable
Sun Aug 16 10:35:00 IST 2026: Database backups:      125
Sun Aug 16 10:35:00 IST 2026: Disk usage: 29%
Sun Aug 16 10:35:00 IST 2026: ⚠️ ALERT: API health check failed
Sun Aug 16 10:40:00 IST 2026: ⚠️ ALERT: Backend process not running
Sun Aug 16 10:40:00 IST 2026: ⚠️ ALERT: Port 5050 not listening
Sun Aug 16 10:40:00 IST 2026: ⚠️ ALERT: MongoDB unreachable
Sun Aug 16 10:40:00 IST 2026: Database backups:      125
Sun Aug 16 10:40:00 IST 2026: Disk usage: 29%
Sun Aug 16 10:40:00 IST 2026: ⚠️ ALERT: API health check failed
Sun Aug 16 10:45:00 IST 2026: ⚠️ ALERT: Backend process not running
Sun Aug 16 10:45:00 IST 2026: ⚠️ ALERT: Port 5050 not listening
Sun Aug 16 10:45:00 IST 2026: ⚠️ ALERT: MongoDB unreachable
Sun Aug 16 10:45:00 IST 2026: Database backups:      125
Sun Aug 16 10:45:01 IST 2026: Disk usage: 29%
Sun Aug 16 10:45:01 IST 2026: ⚠️ ALERT: API health check failed
Sun Aug 16 10:50:00 IST 2026: ⚠️ ALERT: Backend process not running
Sun Aug 16 10:50:00 IST 2026: ⚠️ ALERT: Port 5050 not listening
Sun Aug 16 10:50:00 IST 2026: ⚠️ ALERT: MongoDB unreachable
Sun Aug 16 10:50:00 IST 2026: Database backups:      125
Sun Aug 16 10:50:00 IST 2026: Disk usage: 29%
Sun Aug 16 10:50:00 IST 2026: ⚠️ ALERT: API health check failed
Sun Aug 16 10:55:00 IST 2026: ⚠️ ALERT: Backend process not running
Sun Aug 16 10:55:00 IST 2026: ⚠️ ALERT: Port 5050 not listening
Sun Aug 16 10:55:00 IST 2026: ⚠️ ALERT: MongoDB unreachable
Sun Aug 16 10:55:00 IST 2026: Database backups:      125
Sun Aug 16 10:55:00 IST 2026: Disk usage: 29%
Sun Aug 16 10:55:00 IST 2026: ⚠️ ALERT: API health check failed
Sun Aug 16 11:00:00 IST 2026: ⚠️ ALERT: Backend process not running
Sun Aug 16 11:00:00 IST 2026: ⚠️ ALERT: Port 5050 not listening
Sun Aug 16 11:00:00 IST 2026: ⚠️ ALERT: MongoDB unreachable
Sun Aug 16 11:00:00 IST 2026: Database backups:      125
Sun Aug 16 11:00:00 IST 2026: Disk usage: 29%
Sun Aug 16 11:00:00 IST 2026: ⚠️ ALERT: API health check failed
Sun Aug 16 11:05:01 IST 2026: ⚠️ ALERT: Backend process not running
Sun Aug 16 11:05:01 IST 2026: ⚠️ ALERT: Port 5050 not listening
Sun Aug 16 11:05:01 IST 2026: ⚠️ ALERT: MongoDB unreachable
Sun Aug 16 11:05:01 IST 2026: Database backups:      125
Sun Aug 16 11:05:01 IST 2026: Disk usage: 29%
Sun Aug 16 11:05:01 IST 2026: ⚠️ ALERT: API health check failed
Sun Aug 16 11:10:00 IST 2026: ⚠️ ALERT: Backend process not running
Sun Aug 16 11:10:00 IST 2026: ⚠️ ALERT: Port 5050 not listening
Sun Aug 16 11:10:00 IST 2026: ⚠️ ALERT: MongoDB unreachable
Sun Aug 16 11:10:00 IST 2026: Database backups:      125
Sun Aug 16 11:10:00 IST 2026: Disk usage: 29%
Sun Aug 16 11:10:00 IST 2026: ⚠️ ALERT: API health check failed
Sun Aug 16 11:15:00 IST 2026: ⚠️ ALERT: Backend process not running
Sun Aug 16 11:15:00 IST 2026: ⚠️ ALERT: Port 5050 not listening
Sun Aug 16 11:15:00 IST 2026: ⚠️ ALERT: MongoDB unreachable
Sun Aug 16 11:15:00 IST 2026: Database backups:      125
Sun Aug 16 11:15:00 IST 2026: Disk usage: 29%
Sun Aug 16 11:15:00 IST 2026: ⚠️ ALERT: API health check failed
Sun Aug 16 11:20:00 IST 2026: ⚠️ ALERT: Backend process not running
Sun Aug 16 11:20:00 IST 2026: ⚠️ ALERT: Port 5050 not listening
Sun Aug 16 11:20:00 IST 2026: ⚠️ ALERT: MongoDB unreachable
Sun Aug 16 11:20:00 IST 2026: Database backups:      125
Sun Aug 16 11:20:00 IST 2026: Disk usage: 29%
Sun Aug 16 11:20:00 IST 2026: ⚠️ ALERT: API health check failed
Sun Aug 16 11:25:01 IST 2026: ⚠️ ALERT: Backend process not running
Sun Aug 16 11:25:01 IST 2026: ⚠️ ALERT: Port 5050 not listening
Sun Aug 16 11:25:01 IST 2026: ⚠️ ALERT: MongoDB unreachable
Sun Aug 16 11:25:01 IST 2026: Database backups:      125
Sun Aug 16 11:25:01 IST 2026: Disk usage: 29%
Sun Aug 16 11:25:01 IST 2026: ⚠️ ALERT: API health check failed
Sun Aug 16 11:30:00 IST 2026: ⚠️ ALERT: Backend process not running
Sun Aug 16 11:30:00 IST 2026: ⚠️ ALERT: Port 5050 not listening
Sun Aug 16 11:30:00 IST 2026: ⚠️ ALERT: MongoDB unreachable
Sun Aug 16 11:30:00 IST 2026: Database backups:      125
Sun Aug 16 11:30:00 IST 2026: Disk usage: 29%
Sun Aug 16 11:30:00 IST 2026: ⚠️ ALERT: API health check failed
Sun Aug 16 11:35:00 IST 2026: ⚠️ ALERT: Backend process not running
Sun Aug 16 11:35:00 IST 2026: ⚠️ ALERT: Port 5050 not listening
Sun Aug 16 11:35:00 IST 2026: ⚠️ ALERT: MongoDB unreachable
Sun Aug 16 11:35:00 IST 2026: Database backups:      125
Sun Aug 16 11:35:00 IST 2026: Disk usage: 29%
Sun Aug 16 11:35:00 IST 2026: ⚠️ ALERT: API health check failed
Sun Aug 16 11:40:00 IST 2026: ⚠️ ALERT: Backend process not running
Sun Aug 16 11:40:00 IST 2026: ⚠️ ALERT: Port 5050 not listening
Sun Aug 16 11:40:00 IST 2026: ⚠️ ALERT: MongoDB unreachable
Sun Aug 16 11:40:00 IST 2026: Database backups:      125
Sun Aug 16 11:40:00 IST 2026: Disk usage: 29%
Sun Aug 16 11:40:00 IST 2026: ⚠️ ALERT: API health check failed
Sun Aug 16 11:45:01 IST 2026: ⚠️ ALERT: Backend process not running
Sun Aug 16 11:45:01 IST 2026: ⚠️ ALERT: Port 5050 not listening
Sun Aug 16 11:45:01 IST 2026: ⚠️ ALERT: MongoDB unreachable
Sun Aug 16 11:45:01 IST 2026: Database backups:      125
Sun Aug 16 11:45:01 IST 2026: Disk usage: 29%
Sun Aug 16 11:45:01 IST 2026: ⚠️ ALERT: API health check failed
Sun Aug 16 11:50:00 IST 2026: ⚠️ ALERT: Backend process not running
Sun Aug 16 11:50:00 IST 2026: ⚠️ ALERT: Port 5050 not listening
Sun Aug 16 11:50:00 IST 2026: ⚠️ ALERT: MongoDB unreachable
Sun Aug 16 11:50:00 IST 2026: Database backups:      125
Sun Aug 16 11:50:00 IST 2026: Disk usage: 29%
Sun Aug 16 11:50:00 IST 2026: ⚠️ ALERT: API health check failed
Sun Aug 16 11:55:00 IST 2026: ⚠️ ALERT: Backend process not running
Sun Aug 16 11:55:00 IST 2026: ⚠️ ALERT: Port 5050 not listening
Sun Aug 16 11:55:00 IST 2026: ⚠️ ALERT: MongoDB unreachable
Sun Aug 16 11:55:00 IST 2026: Database backups:      125
Sun Aug 16 11:55:00 IST 2026: Disk usage: 29%
Sun Aug 16 11:55:00 IST 2026: ⚠️ ALERT: API health check failed
Sun Aug 16 12:00:00 IST 2026: ⚠️ ALERT: Backend process not running
Sun Aug 16 12:00:00 IST 2026: ⚠️ ALERT: Port 5050 not listening
Sun Aug 16 12:00:00 IST 2026: ⚠️ ALERT: MongoDB unreachable
Sun Aug 16 12:00:00 IST 2026: Database backups:      125
Sun Aug 16 12:00:00 IST 2026: Disk usage: 29%
Sun Aug 16 12:00:00 IST 2026: ⚠️ ALERT: API health check failed
Sun Aug 16 12:05:01 IST 2026: ⚠️ ALERT: Backend process not running
Sun Aug 16 12:05:01 IST 2026: ⚠️ ALERT: Port 5050 not listening
Sun Aug 16 12:05:01 IST 2026: ⚠️ ALERT: MongoDB unreachable
Sun Aug 16 12:05:01 IST 2026: Database backups:      125
Sun Aug 16 12:05:01 IST 2026: Disk usage: 29%
Sun Aug 16 12:05:01 IST 2026: ⚠️ ALERT: API health check failed
Sun Aug 16 12:10:00 IST 2026: ⚠️ ALERT: Backend process not running
Sun Aug 16 12:10:00 IST 2026: ⚠️ ALERT: Port 5050 not listening
Sun Aug 16 12:10:00 IST 2026: ⚠️ ALERT: MongoDB unreachable
Sun Aug 16 12:10:00 IST 2026: Database backups:      125
Sun Aug 16 12:10:00 IST 2026: Disk usage: 29%
Sun Aug 16 12:10:00 IST 2026: ⚠️ ALERT: API health check failed
Sun Aug 16 12:15:00 IST 2026: ⚠️ ALERT: Backend process not running
Sun Aug 16 12:15:00 IST 2026: ⚠️ ALERT: Port 5050 not listening
Sun Aug 16 12:15:00 IST 2026: ⚠️ ALERT: MongoDB unreachable
Sun Aug 16 12:15:00 IST 2026: Database backups:      125
Sun Aug 16 12:15:00 IST 2026: Disk usage: 29%
Sun Aug 16 12:15:00 IST 2026: ⚠️ ALERT: API health check failed
Sun Aug 16 12:20:01 IST 2026: ⚠️ ALERT: Backend process not running
Sun Aug 16 12:20:01 IST 2026: ⚠️ ALERT: Port 5050 not listening
Sun Aug 16 12:20:01 IST 2026: ⚠️ ALERT: MongoDB unreachable
Sun Aug 16 12:20:01 IST 2026: Database backups:      125
Sun Aug 16 12:20:01 IST 2026: Disk usage: 29%
Sun Aug 16 12:20:01 IST 2026: ⚠️ ALERT: API health check failed
Sun Aug 16 12:25:00 IST 2026: ⚠️ ALERT: Backend process not running
Sun Aug 16 12:25:00 IST 2026: ⚠️ ALERT: Port 5050 not listening
Sun Aug 16 12:25:00 IST 2026: ⚠️ ALERT: MongoDB unreachable
Sun Aug 16 12:25:00 IST 2026: Database backups:      125
Sun Aug 16 12:25:00 IST 2026: Disk usage: 29%
Sun Aug 16 12:25:00 IST 2026: ⚠️ ALERT: API health check failed
Sun Aug 16 12:30:00 IST 2026: ⚠️ ALERT: Backend process not running
Sun Aug 16 12:30:00 IST 2026: ⚠️ ALERT: Port 5050 not listening
Sun Aug 16 12:30:00 IST 2026: ⚠️ ALERT: MongoDB unreachable
Sun Aug 16 12:30:00 IST 2026: Database backups:      125
Sun Aug 16 12:30:00 IST 2026: Disk usage: 29%
Sun Aug 16 12:30:00 IST 2026: ⚠️ ALERT: API health check failed
Sun Aug 16 12:35:00 IST 2026: ⚠️ ALERT: Backend process not running
Sun Aug 16 12:35:00 IST 2026: ⚠️ ALERT: Port 5050 not listening
Sun Aug 16 12:35:00 IST 2026: ⚠️ ALERT: MongoDB unreachable
Sun Aug 16 12:35:00 IST 2026: Database backups:      125
Sun Aug 16 12:35:00 IST 2026: Disk usage: 29%
Sun Aug 16 12:35:00 IST 2026: ⚠️ ALERT: API health check failed
Sun Aug 16 12:40:01 IST 2026: ⚠️ ALERT: Backend process not running
Sun Aug 16 12:40:01 IST 2026: ⚠️ ALERT: Port 5050 not listening
Sun Aug 16 12:40:01 IST 2026: ⚠️ ALERT: MongoDB unreachable
Sun Aug 16 12:40:01 IST 2026: Database backups:      125
Sun Aug 16 12:40:01 IST 2026: Disk usage: 29%
Sun Aug 16 12:40:01 IST 2026: ⚠️ ALERT: API health check failed
Sun Aug 16 12:45:00 IST 2026: ⚠️ ALERT: Backend process not running
Sun Aug 16 12:45:00 IST 2026: ⚠️ ALERT: Port 5050 not listening
Sun Aug 16 12:45:00 IST 2026: ⚠️ ALERT: MongoDB unreachable
Sun Aug 16 12:45:00 IST 2026: Database backups:      125
Sun Aug 16 12:45:00 IST 2026: Disk usage: 29%
Sun Aug 16 12:45:00 IST 2026: ⚠️ ALERT: API health check failed
Sun Aug 16 12:50:00 IST 2026: ⚠️ ALERT: Backend process not running
Sun Aug 16 12:50:00 IST 2026: ⚠️ ALERT: Port 5050 not listening
Sun Aug 16 12:50:00 IST 2026: ⚠️ ALERT: MongoDB unreachable
Sun Aug 16 12:50:00 IST 2026: Database backups:      125
Sun Aug 16 12:50:00 IST 2026: Disk usage: 29%
Sun Aug 16 12:50:00 IST 2026: ⚠️ ALERT: API health check failed
Sun Aug 16 12:55:00 IST 2026: ⚠️ ALERT: Backend process not running
Sun Aug 16 12:55:00 IST 2026: ⚠️ ALERT: Port 5050 not listening
Sun Aug 16 12:55:00 IST 2026: ⚠️ ALERT: MongoDB unreachable
Sun Aug 16 12:55:00 IST 2026: Database backups:      125
Sun Aug 16 12:55:00 IST 2026: Disk usage: 29%
Sun Aug 16 12:55:00 IST 2026: ⚠️ ALERT: API health check failed
Sun Aug 16 13:00:01 IST 2026: ⚠️ ALERT: Backend process not running
Sun Aug 16 13:00:01 IST 2026: ⚠️ ALERT: Port 5050 not listening
Sun Aug 16 13:00:01 IST 2026: ⚠️ ALERT: MongoDB unreachable
Sun Aug 16 13:00:01 IST 2026: Database backups:      125
Sun Aug 16 13:00:01 IST 2026: Disk usage: 29%
Sun Aug 16 13:00:01 IST 2026: ⚠️ ALERT: API health check failed
Sun Aug 16 13:05:00 IST 2026: ⚠️ ALERT: Backend process not running
Sun Aug 16 13:05:00 IST 2026: ⚠️ ALERT: Port 5050 not listening
Sun Aug 16 13:05:00 IST 2026: ⚠️ ALERT: MongoDB unreachable
Sun Aug 16 13:05:00 IST 2026: Database backups:      125
Sun Aug 16 13:05:00 IST 2026: Disk usage: 29%
Sun Aug 16 13:05:00 IST 2026: ⚠️ ALERT: API health check failed
Sun Aug 16 13:10:00 IST 2026: ⚠️ ALERT: Backend process not running
Sun Aug 16 13:10:00 IST 2026: ⚠️ ALERT: Port 5050 not listening
Sun Aug 16 13:10:00 IST 2026: ⚠️ ALERT: MongoDB unreachable
Sun Aug 16 13:10:00 IST 2026: Database backups:      125
Sun Aug 16 13:10:00 IST 2026: Disk usage: 29%
Sun Aug 16 13:10:00 IST 2026: ⚠️ ALERT: API health check failed
Sun Aug 16 13:15:00 IST 2026: ⚠️ ALERT: Backend process not running
Sun Aug 16 13:15:00 IST 2026: ⚠️ ALERT: Port 5050 not listening
Sun Aug 16 13:15:00 IST 2026: ⚠️ ALERT: MongoDB unreachable
Sun Aug 16 13:15:00 IST 2026: Database backups:      125
Sun Aug 16 13:15:00 IST 2026: Disk usage: 29%
Sun Aug 16 13:15:00 IST 2026: ⚠️ ALERT: API health check failed
Sun Aug 16 13:20:00 IST 2026: ⚠️ ALERT: Backend process not running
Sun Aug 16 13:20:00 IST 2026: ⚠️ ALERT: Port 5050 not listening
Sun Aug 16 13:20:00 IST 2026: ⚠️ ALERT: MongoDB unreachable
Sun Aug 16 13:20:00 IST 2026: Database backups:      125
Sun Aug 16 13:20:00 IST 2026: Disk usage: 29%
Sun Aug 16 13:20:00 IST 2026: ⚠️ ALERT: API health check failed
Sun Aug 16 13:25:00 IST 2026: ⚠️ ALERT: Backend process not running
Sun Aug 16 13:25:00 IST 2026: ⚠️ ALERT: Port 5050 not listening
Sun Aug 16 13:25:00 IST 2026: ⚠️ ALERT: MongoDB unreachable
Sun Aug 16 13:25:00 IST 2026: Database backups:      125
Sun Aug 16 13:25:00 IST 2026: Disk usage: 29%
Sun Aug 16 13:25:00 IST 2026: ⚠️ ALERT: API health check failed
Sun Aug 16 13:30:01 IST 2026: ⚠️ ALERT: Backend process not running
Sun Aug 16 13:30:01 IST 2026: ⚠️ ALERT: Port 5050 not listening
Sun Aug 16 13:30:01 IST 2026: ⚠️ ALERT: MongoDB unreachable
Sun Aug 16 13:30:01 IST 2026: Database backups:      125
Sun Aug 16 13:30:01 IST 2026: Disk usage: 29%
Sun Aug 16 13:30:01 IST 2026: ⚠️ ALERT: API health check failed
Sun Aug 16 13:35:00 IST 2026: ⚠️ ALERT: Backend process not running
Sun Aug 16 13:35:00 IST 2026: ⚠️ ALERT: Port 5050 not listening
Sun Aug 16 13:35:00 IST 2026: ⚠️ ALERT: MongoDB unreachable
Sun Aug 16 13:35:00 IST 2026: Database backups:      125
Sun Aug 16 13:35:00 IST 2026: Disk usage: 29%
Sun Aug 16 13:35:00 IST 2026: ⚠️ ALERT: API health check failed
Sun Aug 16 13:40:00 IST 2026: ⚠️ ALERT: Backend process not running
Sun Aug 16 13:40:00 IST 2026: ⚠️ ALERT: Port 5050 not listening
Sun Aug 16 13:40:00 IST 2026: ⚠️ ALERT: MongoDB unreachable
Sun Aug 16 13:40:00 IST 2026: Database backups:      125
Sun Aug 16 13:40:00 IST 2026: Disk usage: 29%
Sun Aug 16 13:40:00 IST 2026: ⚠️ ALERT: API health check failed
Sun Aug 16 13:45:00 IST 2026: ⚠️ ALERT: Backend process not running
Sun Aug 16 13:45:00 IST 2026: ⚠️ ALERT: Port 5050 not listening
Sun Aug 16 13:45:00 IST 2026: ⚠️ ALERT: MongoDB unreachable
Sun Aug 16 13:45:00 IST 2026: Database backups:      125
Sun Aug 16 13:45:00 IST 2026: Disk usage: 29%
Sun Aug 16 13:45:00 IST 2026: ⚠️ ALERT: API health check failed
Sun Aug 16 13:50:01 IST 2026: ⚠️ ALERT: Backend process not running
Sun Aug 16 13:50:01 IST 2026: ⚠️ ALERT: Port 5050 not listening
Sun Aug 16 13:50:01 IST 2026: ⚠️ ALERT: MongoDB unreachable
Sun Aug 16 13:50:01 IST 2026: Database backups:      125
Sun Aug 16 13:50:01 IST 2026: Disk usage: 29%
Sun Aug 16 13:50:01 IST 2026: ⚠️ ALERT: API health check failed
Sun Aug 16 13:55:00 IST 2026: ⚠️ ALERT: Backend process not running
Sun Aug 16 13:55:00 IST 2026: ⚠️ ALERT: Port 5050 not listening
Sun Aug 16 13:55:00 IST 2026: ⚠️ ALERT: MongoDB unreachable
Sun Aug 16 13:55:00 IST 2026: Database backups:      125
Sun Aug 16 13:55:01 IST 2026: Disk usage: 29%
Sun Aug 16 13:55:01 IST 2026: ⚠️ ALERT: API health check failed
Sun Aug 16 14:00:00 IST 2026: ⚠️ ALERT: Backend process not running
Sun Aug 16 14:00:00 IST 2026: ⚠️ ALERT: Port 5050 not listening
Sun Aug 16 14:00:00 IST 2026: ⚠️ ALERT: MongoDB unreachable
Sun Aug 16 14:00:00 IST 2026: Database backups:      125
Sun Aug 16 14:00:00 IST 2026: Disk usage: 29%
Sun Aug 16 14:00:00 IST 2026: ⚠️ ALERT: API health check failed
Sun Aug 16 14:05:00 IST 2026: ⚠️ ALERT: Backend process not running
Sun Aug 16 14:05:00 IST 2026: ⚠️ ALERT: Port 5050 not listening
Sun Aug 16 14:05:00 IST 2026: ⚠️ ALERT: MongoDB unreachable
Sun Aug 16 14:05:00 IST 2026: Database backups:      125
Sun Aug 16 14:05:00 IST 2026: Disk usage: 29%
Sun Aug 16 14:05:00 IST 2026: ⚠️ ALERT: API health check failed
Sun Aug 16 14:10:01 IST 2026: ⚠️ ALERT: Backend process not running
Sun Aug 16 14:10:01 IST 2026: ⚠️ ALERT: Port 5050 not listening
Sun Aug 16 14:10:01 IST 2026: ⚠️ ALERT: MongoDB unreachable
Sun Aug 16 14:10:01 IST 2026: Database backups:      125
Sun Aug 16 14:10:01 IST 2026: Disk usage: 29%
Sun Aug 16 14:10:01 IST 2026: ⚠️ ALERT: API health check failed
Sun Aug 16 14:15:00 IST 2026: ⚠️ ALERT: Backend process not running
Sun Aug 16 14:15:00 IST 2026: ⚠️ ALERT: Port 5050 not listening
Sun Aug 16 14:15:00 IST 2026: ⚠️ ALERT: MongoDB unreachable
Sun Aug 16 14:15:00 IST 2026: Database backups:      125
Sun Aug 16 14:15:00 IST 2026: Disk usage: 29%
Sun Aug 16 14:15:01 IST 2026: ⚠️ ALERT: API health check failed
Sun Aug 16 14:20:00 IST 2026: ⚠️ ALERT: Backend process not running
Sun Aug 16 14:20:00 IST 2026: ⚠️ ALERT: Port 5050 not listening
Sun Aug 16 14:20:00 IST 2026: ⚠️ ALERT: MongoDB unreachable
Sun Aug 16 14:20:00 IST 2026: Database backups:      125
Sun Aug 16 14:20:00 IST 2026: Disk usage: 29%
Sun Aug 16 14:20:00 IST 2026: ⚠️ ALERT: API health check failed
Sun Aug 16 14:25:00 IST 2026: ⚠️ ALERT: Backend process not running
Sun Aug 16 14:25:00 IST 2026: ⚠️ ALERT: Port 5050 not listening
Sun Aug 16 14:25:00 IST 2026: ⚠️ ALERT: MongoDB unreachable
Sun Aug 16 14:25:00 IST 2026: Database backups:      125
Sun Aug 16 14:25:00 IST 2026: Disk usage: 29%
Sun Aug 16 14:25:00 IST 2026: ⚠️ ALERT: API health check failed
Sun Aug 16 14:30:00 IST 2026: ⚠️ ALERT: Backend process not running
Sun Aug 16 14:30:00 IST 2026: ⚠️ ALERT: Port 5050 not listening
Sun Aug 16 14:30:00 IST 2026: ⚠️ ALERT: MongoDB unreachable
Sun Aug 16 14:30:00 IST 2026: Database backups:      125
Sun Aug 16 14:30:00 IST 2026: Disk usage: 29%
Sun Aug 16 14:30:00 IST 2026: ⚠️ ALERT: API health check failed
Sun Aug 16 14:35:00 IST 2026: ⚠️ ALERT: Backend process not running
Sun Aug 16 14:35:00 IST 2026: ⚠️ ALERT: Port 5050 not listening
Sun Aug 16 14:35:00 IST 2026: ⚠️ ALERT: MongoDB unreachable
Sun Aug 16 14:35:00 IST 2026: Database backups:      125
Sun Aug 16 14:35:00 IST 2026: Disk usage: 29%
Sun Aug 16 14:35:01 IST 2026: ⚠️ ALERT: API health check failed
Sun Aug 16 14:40:00 IST 2026: ⚠️ ALERT: Backend process not running
Sun Aug 16 14:40:00 IST 2026: ⚠️ ALERT: Port 5050 not listening
Sun Aug 16 14:40:00 IST 2026: ⚠️ ALERT: MongoDB unreachable
Sun Aug 16 14:40:00 IST 2026: Database backups:      125
Sun Aug 16 14:40:00 IST 2026: Disk usage: 29%
Sun Aug 16 14:40:00 IST 2026: ⚠️ ALERT: API health check failed
Sun Aug 16 14:45:00 IST 2026: ⚠️ ALERT: Backend process not running
Sun Aug 16 14:45:00 IST 2026: ⚠️ ALERT: Port 5050 not listening
Sun Aug 16 14:45:00 IST 2026: ⚠️ ALERT: MongoDB unreachable
Sun Aug 16 14:45:00 IST 2026: Database backups:      125
Sun Aug 16 14:45:00 IST 2026: Disk usage: 29%
Sun Aug 16 14:45:00 IST 2026: ⚠️ ALERT: API health check failed
Sun Aug 16 14:50:00 IST 2026: ⚠️ ALERT: Backend process not running
Sun Aug 16 14:50:00 IST 2026: ⚠️ ALERT: Port 5050 not listening
Sun Aug 16 14:50:00 IST 2026: ⚠️ ALERT: MongoDB unreachable
Sun Aug 16 14:50:00 IST 2026: Database backups:      125
Sun Aug 16 14:50:00 IST 2026: Disk usage: 29%
Sun Aug 16 14:50:00 IST 2026: ⚠️ ALERT: API health check failed
Sun Aug 16 14:55:01 IST 2026: ⚠️ ALERT: Backend process not running
Sun Aug 16 14:55:01 IST 2026: ⚠️ ALERT: Port 5050 not listening
Sun Aug 16 14:55:01 IST 2026: ⚠️ ALERT: MongoDB unreachable
Sun Aug 16 14:55:01 IST 2026: Database backups:      125
Sun Aug 16 14:55:01 IST 2026: Disk usage: 29%
Sun Aug 16 14:55:01 IST 2026: ⚠️ ALERT: API health check failed
Sun Aug 16 15:00:00 IST 2026: ⚠️ ALERT: Backend process not running
Sun Aug 16 15:00:00 IST 2026: ⚠️ ALERT: Port 5050 not listening
Sun Aug 16 15:00:00 IST 2026: ⚠️ ALERT: MongoDB unreachable
Sun Aug 16 15:00:00 IST 2026: Database backups:      125
Sun Aug 16 15:00:00 IST 2026: Disk usage: 29%
Sun Aug 16 15:00:00 IST 2026: ⚠️ ALERT: API health check failed
Sun Aug 16 15:05:00 IST 2026: ⚠️ ALERT: Backend process not running
Sun Aug 16 15:05:00 IST 2026: ⚠️ ALERT: Port 5050 not listening
Sun Aug 16 15:05:00 IST 2026: ⚠️ ALERT: MongoDB unreachable
Sun Aug 16 15:05:00 IST 2026: Database backups:      125
Sun Aug 16 15:05:00 IST 2026: Disk usage: 29%
Sun Aug 16 15:05:00 IST 2026: ⚠️ ALERT: API health check failed
Sun Aug 16 15:10:00 IST 2026: ⚠️ ALERT: Backend process not running
Sun Aug 16 15:10:00 IST 2026: ⚠️ ALERT: Port 5050 not listening
Sun Aug 16 15:10:00 IST 2026: ⚠️ ALERT: MongoDB unreachable
Sun Aug 16 15:10:00 IST 2026: Database backups:      125
Sun Aug 16 15:10:00 IST 2026: Disk usage: 29%
Sun Aug 16 15:10:00 IST 2026: ⚠️ ALERT: API health check failed
Sun Aug 16 15:15:00 IST 2026: ⚠️ ALERT: Backend process not running
Sun Aug 16 15:15:00 IST 2026: ⚠️ ALERT: Port 5050 not listening
Sun Aug 16 15:15:01 IST 2026: ⚠️ ALERT: MongoDB unreachable
Sun Aug 16 15:15:01 IST 2026: Database backups:      125
Sun Aug 16 15:15:01 IST 2026: Disk usage: 29%
Sun Aug 16 15:15:01 IST 2026: ⚠️ ALERT: API health check failed
Sun Aug 16 15:20:00 IST 2026: ⚠️ ALERT: Backend process not running
Sun Aug 16 15:20:00 IST 2026: ⚠️ ALERT: Port 5050 not listening
Sun Aug 16 15:20:00 IST 2026: ⚠️ ALERT: MongoDB unreachable
Sun Aug 16 15:20:00 IST 2026: Database backups:      125
Sun Aug 16 15:20:00 IST 2026: Disk usage: 29%
Sun Aug 16 15:20:00 IST 2026: ⚠️ ALERT: API health check failed
Sun Aug 16 15:25:00 IST 2026: ⚠️ ALERT: Backend process not running
Sun Aug 16 15:25:00 IST 2026: ⚠️ ALERT: Port 5050 not listening
Sun Aug 16 15:25:00 IST 2026: ⚠️ ALERT: MongoDB unreachable
Sun Aug 16 15:25:00 IST 2026: Database backups:      125
Sun Aug 16 15:25:01 IST 2026: Disk usage: 29%
Sun Aug 16 15:25:01 IST 2026: ⚠️ ALERT: API health check failed
